Archive member included because of file (symbol)

arduino.ar(variant.cpp.o)     ./libraries/SPI/SPI.cpp.o (sercom4)
arduino.ar(CDC.cpp.o)         ./libraries/SD/src/utility/SdFile.cpp.o (Serial_::write(unsigned char))
arduino.ar(USBCore.cpp.o)     arduino.ar(CDC.cpp.o) (USBDeviceClass::flush(unsigned long))
arduino.ar(Print.cpp.o)       ./libraries/Wire/Wire.cpp.o (Print::write(unsigned char const*, unsigned int))
arduino.ar(Reset.cpp.o)       arduino.ar(CDC.cpp.o) (initiateReset)
arduino.ar(RingBuffer.cpp.o)  ./libraries/Wire/Wire.cpp.o (RingBuffer::RingBuffer())
arduino.ar(SERCOM.cpp.o)      arduino.ar(variant.cpp.o) (SERCOM::SERCOM(Sercom*))
arduino.ar(Uart.cpp.o)        arduino.ar(variant.cpp.o) (Uart::Uart(SERCOM*, unsigned char, unsigned char, SercomRXPad, SercomUartTXPad))
arduino.ar(abi.cpp.o)         ./libraries/Wire/Wire.cpp.o (__cxa_pure_virtual)
arduino.ar(cortex_handlers.c.o)
                              (Reset_Handler)
arduino.ar(delay.c.o)         ./.ino.cpp.o (millis)
arduino.ar(hooks.c.o)         arduino.ar(delay.c.o) (yield)
arduino.ar(main.cpp.o)        c:/eclipsearduino32/arduinoplugin/tools/arduino/arm-none-eabi-gcc/4.8.3-2014q1/bin/../lib/gcc/arm-none-eabi/4.8.3/../../../../arm-none-eabi/lib/armv6-m/crt0.o (main)
arduino.ar(startup.c.o)       arduino.ar(cortex_handlers.c.o) (SystemInit)
arduino.ar(wiring.c.o)        arduino.ar(main.cpp.o) (init)
arduino.ar(wiring_analog.c.o)
                              arduino.ar(wiring.c.o) (analogReference)
arduino.ar(wiring_digital.c.o)
                              ./flash.cpp.o (pinMode)
arduino.ar(wiring_private.c.o)
                              ./libraries/Wire/Wire.cpp.o (pinPeripheral)
arduino.ar(PluggableUSB.cpp.o)
                              arduino.ar(USBCore.cpp.o) (PluggableUSB_::getInterface(unsigned char*))
c:/eclipsearduino32/arduinoplugin/tools/arduino/arm-none-eabi-gcc/4.8.3-2014q1/bin/../lib/gcc/arm-none-eabi/4.8.3/../../../../arm-none-eabi/lib/armv6-m\libm.a(lib_a-s_fpclassify.o)
                              arduino.ar(Print.cpp.o) (__fpclassifyd)
c:/eclipsearduino32/arduinoplugin/tools/arduino/arm-none-eabi-gcc/4.8.3-2014q1/bin/../lib/gcc/arm-none-eabi/4.8.3/armv6-m\libgcc.a(_thumb1_case_uqi.o)
                              ./libraries/SPI/SPI.cpp.o (__gnu_thumb1_case_uqi)
c:/eclipsearduino32/arduinoplugin/tools/arduino/arm-none-eabi-gcc/4.8.3-2014q1/bin/../lib/gcc/arm-none-eabi/4.8.3/armv6-m\libgcc.a(_udivsi3.o)
                              ./libraries/SD/src/utility/SdFile.cpp.o (__aeabi_uidiv)
c:/eclipsearduino32/arduinoplugin/tools/arduino/arm-none-eabi-gcc/4.8.3-2014q1/bin/../lib/gcc/arm-none-eabi/4.8.3/armv6-m\libgcc.a(_divsi3.o)
                              arduino.ar(SERCOM.cpp.o) (__aeabi_idiv)
c:/eclipsearduino32/arduinoplugin/tools/arduino/arm-none-eabi-gcc/4.8.3-2014q1/bin/../lib/gcc/arm-none-eabi/4.8.3/armv6-m\libgcc.a(_dvmd_tls.o)
                              c:/eclipsearduino32/arduinoplugin/tools/arduino/arm-none-eabi-gcc/4.8.3-2014q1/bin/../lib/gcc/arm-none-eabi/4.8.3/armv6-m\libgcc.a(_udivsi3.o) (__aeabi_idiv0)
c:/eclipsearduino32/arduinoplugin/tools/arduino/arm-none-eabi-gcc/4.8.3-2014q1/bin/../lib/gcc/arm-none-eabi/4.8.3/armv6-m\libgcc.a(_arm_cmpdf2.o)
                              arduino.ar(Print.cpp.o) (__aeabi_dcmplt)
c:/eclipsearduino32/arduinoplugin/tools/arduino/arm-none-eabi-gcc/4.8.3-2014q1/bin/../lib/gcc/arm-none-eabi/4.8.3/armv6-m\libgcc.a(_fixunssfsi.o)
                              arduino.ar(SERCOM.cpp.o) (__aeabi_f2uiz)
c:/eclipsearduino32/arduinoplugin/tools/arduino/arm-none-eabi-gcc/4.8.3-2014q1/bin/../lib/gcc/arm-none-eabi/4.8.3/armv6-m\libgcc.a(_fixunsdfsi.o)
                              arduino.ar(Print.cpp.o) (__aeabi_d2uiz)
c:/eclipsearduino32/arduinoplugin/tools/arduino/arm-none-eabi-gcc/4.8.3-2014q1/bin/../lib/gcc/arm-none-eabi/4.8.3/armv6-m\libgcc.a(divsf3.o)
                              arduino.ar(SERCOM.cpp.o) (__aeabi_fdiv)
c:/eclipsearduino32/arduinoplugin/tools/arduino/arm-none-eabi-gcc/4.8.3-2014q1/bin/../lib/gcc/arm-none-eabi/4.8.3/armv6-m\libgcc.a(mulsf3.o)
                              arduino.ar(SERCOM.cpp.o) (__aeabi_fmul)
c:/eclipsearduino32/arduinoplugin/tools/arduino/arm-none-eabi-gcc/4.8.3-2014q1/bin/../lib/gcc/arm-none-eabi/4.8.3/armv6-m\libgcc.a(subsf3.o)
                              arduino.ar(SERCOM.cpp.o) (__aeabi_fsub)
c:/eclipsearduino32/arduinoplugin/tools/arduino/arm-none-eabi-gcc/4.8.3-2014q1/bin/../lib/gcc/arm-none-eabi/4.8.3/armv6-m\libgcc.a(fixsfsi.o)
                              c:/eclipsearduino32/arduinoplugin/tools/arduino/arm-none-eabi-gcc/4.8.3-2014q1/bin/../lib/gcc/arm-none-eabi/4.8.3/armv6-m\libgcc.a(_fixunssfsi.o) (__aeabi_f2iz)
c:/eclipsearduino32/arduinoplugin/tools/arduino/arm-none-eabi-gcc/4.8.3-2014q1/bin/../lib/gcc/arm-none-eabi/4.8.3/armv6-m\libgcc.a(floatunsisf.o)
                              arduino.ar(SERCOM.cpp.o) (__aeabi_ui2f)
[...]
Memory Configuration

Name             Origin             Length             Attributes
FLASH            0x00002000         0x0003e000         xr
RAM              0x20000000         0x00008000         xrw
*default*        0x00000000         0xffffffff

Linker script and memory map

LOAD c:/eclipsearduino32/arduinoplugin/tools/arduino/arm-none-eabi-gcc/4.8.3-2014q1/bin/../lib/gcc/arm-none-eabi/4.8.3/armv6-m/crti.o
LOAD c:/eclipsearduino32/arduinoplugin/tools/arduino/arm-none-eabi-gcc/4.8.3-2014q1/bin/../lib/gcc/arm-none-eabi/4.8.3/armv6-m/crtbegin.o
LOAD c:/eclipsearduino32/arduinoplugin/tools/arduino/arm-none-eabi-gcc/4.8.3-2014q1/bin/../lib/gcc/arm-none-eabi/4.8.3/../../../../arm-none-eabi/lib/armv6-m/crt0.o
LOAD ./.ino.cpp.o
LOAD ./flash.cpp.o
LOAD ./libraries/Wire/Wire.cpp.o
LOAD ./libraries/SPI/SPI.cpp.o
LOAD ./libraries/SD/src/utility/Sd2Card.cpp.o
LOAD ./libraries/SD/src/utility/SdFile.cpp.o
LOAD ./libraries/SD/src/utility/SdVolume.cpp.o
LOAD ./libraries/SD/src/File.cpp.o
LOAD ./libraries/SD/src/SD.cpp.o
LOAD ./SPIFlash/SPIFlash.cpp.o
LOAD arduino.ar
START GROUP
LOAD c:/eclipsearduino32/arduinoplugin/tools/arduino/arm-none-eabi-gcc/4.8.3-2014q1/bin/../lib/gcc/arm-none-eabi/4.8.3/../../../../arm-none-eabi/lib/armv6-m\libm.a
END GROUP
START GROUP
LOAD c:/eclipsearduino32/arduinoplugin/tools/arduino/arm-none-eabi-gcc/4.8.3-2014q1/bin/../lib/gcc/arm-none-eabi/4.8.3/armv6-m\libgcc.a
LOAD c:/eclipsearduino32/arduinoplugin/tools/arduino/arm-none-eabi-gcc/4.8.3-2014q1/bin/../lib/gcc/arm-none-eabi/4.8.3/../../../../arm-none-eabi/lib/armv6-m\libc_s.a
END GROUP
START GROUP
LOAD c:/eclipsearduino32/arduinoplugin/tools/arduino/arm-none-eabi-gcc/4.8.3-2014q1/bin/../lib/gcc/arm-none-eabi/4.8.3/armv6-m\libgcc.a
LOAD c:/eclipsearduino32/arduinoplugin/tools/arduino/arm-none-eabi-gcc/4.8.3-2014q1/bin/../lib/gcc/arm-none-eabi/4.8.3/../../../../arm-none-eabi/lib/armv6-m\libc_s.a
LOAD c:/eclipsearduino32/arduinoplugin/tools/arduino/arm-none-eabi-gcc/4.8.3-2014q1/bin/../lib/gcc/arm-none-eabi/4.8.3/../../../../arm-none-eabi/lib/armv6-m\libnosys.a
END GROUP
START GROUP
LOAD c:/eclipsearduino32/arduinoplugin/tools/arduino/arm-none-eabi-gcc/4.8.3-2014q1/bin/../lib/gcc/arm-none-eabi/4.8.3/armv6-m\libgcc.a
LOAD c:/eclipsearduino32/arduinoplugin/tools/arduino/arm-none-eabi-gcc/4.8.3-2014q1/bin/../lib/gcc/arm-none-eabi/4.8.3/../../../../arm-none-eabi/lib/armv6-m\libc_s.a
LOAD c:/eclipsearduino32/arduinoplugin/tools/arduino/arm-none-eabi-gcc/4.8.3-2014q1/bin/../lib/gcc/arm-none-eabi/4.8.3/../../../../arm-none-eabi/lib/armv6-m\libnosys.a
END GROUP
LOAD c:/eclipsearduino32/arduinoplugin/tools/arduino/arm-none-eabi-gcc/4.8.3-2014q1/bin/../lib/gcc/arm-none-eabi/4.8.3/armv6-m/crtend.o
LOAD c:/eclipsearduino32/arduinoplugin/tools/arduino/arm-none-eabi-gcc/4.8.3-2014q1/bin/../lib/gcc/arm-none-eabi/4.8.3/armv6-m/crtn.o

.text           0x00002000     0x3e74
 *(.isr_vector)
 .isr_vector    0x00002000       0xb0 arduino.ar(cortex_handlers.c.o)
                0x00002000                exception_table
 *(.text*)
 .text          0x000020b0       0x60 c:/eclipsearduino32/arduinoplugin/tools/arduino/arm-none-eabi-gcc/4.8.3-2014q1/bin/../lib/gcc/arm-none-eabi/4.8.3/armv6-m/crtbegin.o
 .text.setup    0x00002110      0x244 ./.ino.cpp.o
                0x00002110                setup
 .text.loop     0x00002354        0x2 ./.ino.cpp.o
                0x00002354                loop
 *fill*         0x00002356        0x2 
 .text._Z10flash_initv
                0x00002358       0x40 ./flash.cpp.o
                0x00002358                flash_init()
 .text._Z17flash_read_statusv
                0x00002398       0x30 ./flash.cpp.o
                0x00002398                flash_read_status()
 .text._Z11write_pausev
                0x000023c8       0x20 ./flash.cpp.o
                0x000023c8                write_pause()
 .text._Z13flash_read_idPh
                0x000023e8       0x3c ./flash.cpp.o
                0x000023e8                flash_read_id(unsigned char*)
 .text._Z16flash_hard_resetv
                0x00002424       0x34 ./flash.cpp.o
                0x00002424                flash_hard_reset()
 .text._Z16flash_read_pagesPhii
                0x00002458       0x64 ./flash.cpp.o
                0x00002458                flash_read_pages(unsigned char*, int, int)
 .text._ZN7TwoWire5writeEPKhj
                0x000024bc       0x24 ./libraries/Wire/Wire.cpp.o
                0x000024bc                TwoWire::write(unsigned char const*, unsigned int)
 .text._ZN7TwoWire5flushEv
                0x000024e0        0x2 ./libraries/Wire/Wire.cpp.o
                0x000024e0                TwoWire::flush()
 .text._ZN7TwoWire4readEv
                0x000024e2        0xa ./libraries/Wire/Wire.cpp.o
                0x000024e2                TwoWire::read()
 .text._ZN7TwoWire9availableEv
                0x000024ec        0xa ./libraries/Wire/Wire.cpp.o
                0x000024ec                TwoWire::available()
 .text._ZN7TwoWire4peekEv
                0x000024f6        0xa ./libraries/Wire/Wire.cpp.o
                0x000024f6                TwoWire::peek()
 .text._ZN7TwoWire5writeEh
                0x00002500       0x3c ./libraries/Wire/Wire.cpp.o
                0x00002500                TwoWire::write(unsigned char)
 .text._ZN7TwoWireC2EP6SERCOMhh
                0x0000253c       0x3c ./libraries/Wire/Wire.cpp.o
                0x0000253c                TwoWire::TwoWire(SERCOM*, unsigned char, unsigned char)
                0x0000253c                TwoWire::TwoWire(SERCOM*, unsigned char, unsigned char)
 .text._ZN7TwoWire9onServiceEv
                0x00002578       0xd8 ./libraries/Wire/Wire.cpp.o
                0x00002578                TwoWire::onService()
 .text.SERCOM3_Handler
                0x00002650       0x10 ./libraries/Wire/Wire.cpp.o
                0x00002650                SERCOM3_Handler
 .text.startup._GLOBAL__sub_I__ZN7TwoWireC2EP6SERCOMhh
                0x00002660       0x18 ./libraries/Wire/Wire.cpp.o
 .text._ZN8SPIClass4initEv
                0x00002678       0x12 ./libraries/SPI/SPI.cpp.o
                0x00002678                SPIClass::init()
 .text._ZN8SPIClass6configE11SPISettings
                0x0000268a       0x36 ./libraries/SPI/SPI.cpp.o
                0x0000268a                SPIClass::config(SPISettings)
 .text._ZN8SPIClass5beginEv
                0x000026c0       0x50 ./libraries/SPI/SPI.cpp.o
                0x000026c0                SPIClass::begin()
 .text._ZN8SPIClass16beginTransactionE11SPISettings
                0x00002710       0x3c ./libraries/SPI/SPI.cpp.o
                0x00002710                SPIClass::beginTransaction(SPISettings)
 .text._ZN8SPIClass14endTransactionEv
                0x0000274c       0x28 ./libraries/SPI/SPI.cpp.o
                0x0000274c                SPIClass::endTransaction()
 .text._ZN8SPIClass8transferEh
                0x00002774       0x14 ./libraries/SPI/SPI.cpp.o
                0x00002774                SPIClass::transfer(unsigned char)
 .text.startup._GLOBAL__sub_I__ZN8SPIClassC2EP6SERCOMhhh14SercomSpiTXPad11SercomRXPad
                0x00002788       0x38 ./libraries/SPI/SPI.cpp.o
 .text._ZL7spiSendh
                0x000027c0       0x10 ./libraries/SD/src/utility/Sd2Card.cpp.o
 .text._ZL6spiRecv
                0x000027d0       0x10 ./libraries/SD/src/utility/Sd2Card.cpp.o
 .text._ZN7Sd2Card14chipSelectHighEv
                0x000027e0       0x28 ./libraries/SD/src/utility/Sd2Card.cpp.o
                0x000027e0                Sd2Card::chipSelectHigh()
 .text._ZN7Sd2Card13chipSelectLowEv
                0x00002808       0x30 ./libraries/SD/src/utility/Sd2Card.cpp.o
                0x00002808                Sd2Card::chipSelectLow()
 .text._ZN7Sd2Card7readEndEv
                0x00002838       0x2c ./libraries/SD/src/utility/Sd2Card.cpp.o
                0x00002838                Sd2Card::readEnd()
 .text._ZN7Sd2Card11waitNotBusyEt
                0x00002864       0x28 ./libraries/SD/src/utility/Sd2Card.cpp.o
                0x00002864                Sd2Card::waitNotBusy(unsigned short)
 .text._ZN7Sd2Card11cardCommandEhm
                0x0000288c       0x64 ./libraries/SD/src/utility/Sd2Card.cpp.o
                0x0000288c                Sd2Card::cardCommand(unsigned char, unsigned long)
 .text._ZN7Sd2Card14waitStartBlockEv
                0x000028f0       0x40 ./libraries/SD/src/utility/Sd2Card.cpp.o
                0x000028f0                Sd2Card::waitStartBlock()
 .text._ZN7Sd2Card8readDataEmttPh
                0x00002930       0xac ./libraries/SD/src/utility/Sd2Card.cpp.o
                0x00002930                Sd2Card::readData(unsigned long, unsigned short, unsigned short, unsigned char*)
 .text._ZN7Sd2Card9readBlockEmPh
                0x000029dc       0x10 ./libraries/SD/src/utility/Sd2Card.cpp.o
                0x000029dc                Sd2Card::readBlock(unsigned long, unsigned char*)
 .text._ZN7Sd2Card9writeDataEhPKh
                0x000029ec       0x48 ./libraries/SD/src/utility/Sd2Card.cpp.o
                0x000029ec                Sd2Card::writeData(unsigned char, unsigned char const*)
 .text._ZN7Sd2Card10writeBlockEmPKh
                0x00002a34       0x78 ./libraries/SD/src/utility/Sd2Card.cpp.o
                0x00002a34                Sd2Card::writeBlock(unsigned long, unsigned char const*)
 .text.startup._GLOBAL__sub_I__ZN7Sd2Card11cardCommandEhm
                0x00002aac       0x18 ./libraries/SD/src/utility/Sd2Card.cpp.o
 .text._ZN6SdFile10addClusterEv
                0x00002ac4       0x2c ./libraries/SD/src/utility/SdFile.cpp.o
                0x00002ac4                SdFile::addCluster()
 .text._ZN6SdFile13cacheDirEntryEh
                0x00002af0       0x1c ./libraries/SD/src/utility/SdFile.cpp.o
                0x00002af0                SdFile::cacheDirEntry(unsigned char)
 .text._ZN6SdFile7seekSetEm
                0x00002b0c       0x64 ./libraries/SD/src/utility/SdFile.cpp.o
                0x00002b0c                SdFile::seekSet(unsigned long)
 .text._ZN6SdFile4syncEv
                0x00002b70       0x78 ./libraries/SD/src/utility/SdFile.cpp.o
                0x00002b70                SdFile::sync()
 .text._ZN6SdFile5writeEPKvt
                0x00002be8      0x1ac ./libraries/SD/src/utility/SdFile.cpp.o
                0x00002be8                SdFile::write(void const*, unsigned short)
 .text._ZN6SdFile5writeEh
                0x00002d94       0x12 ./libraries/SD/src/utility/SdFile.cpp.o
                0x00002d94                SdFile::write(unsigned char)
 *fill*         0x00002da6        0x2 
 .text._ZN8SdVolume10cacheFlushEv
                0x00002da8       0x54 ./libraries/SD/src/utility/SdVolume.cpp.o
                0x00002da8                SdVolume::cacheFlush()
 .text._ZN8SdVolume13cacheRawBlockEmh
                0x00002dfc       0x48 ./libraries/SD/src/utility/SdVolume.cpp.o
                0x00002dfc                SdVolume::cacheRawBlock(unsigned long, unsigned char)
 .text._ZNK8SdVolume6fatGetEmPm
                0x00002e44       0x60 ./libraries/SD/src/utility/SdVolume.cpp.o
                0x00002e44                SdVolume::fatGet(unsigned long, unsigned long*) const
 .text._ZN8SdVolume6fatPutEmm
                0x00002ea4       0x88 ./libraries/SD/src/utility/SdVolume.cpp.o
                0x00002ea4                SdVolume::fatPut(unsigned long, unsigned long)
 .text._ZN8SdVolume15allocContiguousEmPm
                0x00002f2c       0xc8 ./libraries/SD/src/utility/SdVolume.cpp.o
                0x00002f2c                SdVolume::allocContiguous(unsigned long, unsigned long*)
 .text.startup._GLOBAL__sub_I__ZN5SDLib20getNextPathComponentEPKcPjPc
                0x00002ff4       0x2c ./libraries/SD/src/SD.cpp.o
 .text.SERCOM0_Handler
                0x00003020       0x10 arduino.ar(variant.cpp.o)
                0x00003020                SERCOM0_Handler
 .text.startup._GLOBAL__sub_I_g_APinDescription
                0x00003030       0x7c arduino.ar(variant.cpp.o)
 .text._ZN7Serial_4peekEv
                0x000030ac       0x2c arduino.ar(CDC.cpp.o)
                0x000030ac                Serial_::peek()
 .text._ZN7Serial_5writeEh
                0x000030d8       0x14 arduino.ar(CDC.cpp.o)
                0x000030d8                Serial_::write(unsigned char)
 .text._ZN7Serial_6acceptEv
                0x000030ec       0x58 arduino.ar(CDC.cpp.o)
                0x000030ec                Serial_::accept()
 .text._ZN7Serial_4readEv
                0x00003144       0x7c arduino.ar(CDC.cpp.o)
                0x00003144                Serial_::read()
 .text._ZN7Serial_5flushEv
                0x000031c0        0xc arduino.ar(CDC.cpp.o)
                0x000031c0                Serial_::flush()
 .text._ZN7Serial_9availableEv
                0x000031cc       0x3c arduino.ar(CDC.cpp.o)
                0x000031cc                Serial_::available()
 .text._ZN7Serial_5writeEPKhj
                0x00003208       0x40 arduino.ar(CDC.cpp.o)
                0x00003208                Serial_::write(unsigned char const*, unsigned int)
 .text._Z16CDC_GetInterfacePh
                0x00003248       0x1c arduino.ar(CDC.cpp.o)
                0x00003248                CDC_GetInterface(unsigned char*)
 .text._Z9CDC_SetupR8USBSetup
                0x00003264       0xa0 arduino.ar(CDC.cpp.o)
                0x00003264                CDC_Setup(USBSetup&)
 .text._ZN7Serial_5beginEm
                0x00003304        0x2 arduino.ar(CDC.cpp.o)
                0x00003304                Serial_::begin(unsigned long)
 *fill*         0x00003306        0x2 
 .text.startup._GLOBAL__sub_I_USB_TXLEDticks
                0x00003308       0x24 arduino.ar(CDC.cpp.o)
 .text._ZN14USBDeviceClass6initEPEmm.part.1
                0x0000332c       0x80 arduino.ar(USBCore.cpp.o)
 .text._ZN20USBDevice_SAMD21G18x5resetEv
                0x000033ac       0x28 arduino.ar(USBCore.cpp.o)
                0x000033ac                USBDevice_SAMD21G18x::reset()
 .text._ZN20USBDevice_SAMD21G18x9calibrateEv
                0x000033d4       0x5c arduino.ar(USBCore.cpp.o)
                0x000033d4                USBDevice_SAMD21G18x::calibrate()
 .text._ZN14USBDeviceClass14SendInterfacesEPm
                0x00003430       0x2c arduino.ar(USBCore.cpp.o)
                0x00003430                USBDeviceClass::SendInterfaces(unsigned long*)
 .text._ZN14USBDeviceClass4initEv
                0x0000345c       0xc0 arduino.ar(USBCore.cpp.o)
                0x0000345c                USBDeviceClass::init()
 .text._ZN14USBDeviceClass6attachEv
                0x0000351c       0x34 arduino.ar(USBCore.cpp.o)
                0x0000351c                USBDeviceClass::attach()
 .text._ZN14USBDeviceClass10setAddressEm
                0x00003550       0x48 arduino.ar(USBCore.cpp.o)
                0x00003550                USBDeviceClass::setAddress(unsigned long)
 .text._ZN14USBDeviceClass25handleClassInterfaceSetupER8USBSetup
                0x00003598       0x40 arduino.ar(USBCore.cpp.o)
                0x00003598                USBDeviceClass::handleClassInterfaceSetup(USBSetup&)
 .text._ZN14USBDeviceClass6initEPEmm
                0x000035d8       0xe4 arduino.ar(USBCore.cpp.o)
                0x000035d8                USBDeviceClass::initEP(unsigned long, unsigned long)
 .text._ZN14USBDeviceClass13initEndpointsEv
                0x000036bc       0x24 arduino.ar(USBCore.cpp.o)
                0x000036bc                USBDeviceClass::initEndpoints()
 .text._ZN14USBDeviceClass5flushEm
                0x000036e0       0x2c arduino.ar(USBCore.cpp.o)
                0x000036e0                USBDeviceClass::flush(unsigned long)
 .text._ZN14USBDeviceClass9availableEm
                0x0000370c       0x14 arduino.ar(USBCore.cpp.o)
                0x0000370c                USBDeviceClass::available(unsigned long)
 .text._ZN14USBDeviceClass14armRecvCtrlOUTEm
                0x00003720       0x60 arduino.ar(USBCore.cpp.o)
                0x00003720                USBDeviceClass::armRecvCtrlOUT(unsigned long)
 .text._ZN14USBDeviceClass11recvControlEPvm
                0x00003780       0x3c arduino.ar(USBCore.cpp.o)
                0x00003780                USBDeviceClass::recvControl(void*, unsigned long)
 .text._ZN14USBDeviceClass7armRecvEm
                0x000037bc       0x3c arduino.ar(USBCore.cpp.o)
                0x000037bc                USBDeviceClass::armRecv(unsigned long)
 .text._ZN14USBDeviceClass4recvEmPvm
                0x000037f8       0x90 arduino.ar(USBCore.cpp.o)
                0x000037f8                USBDeviceClass::recv(unsigned long, void*, unsigned long)
 .text._ZN14USBDeviceClass4sendEmPKvm
                0x00003888       0xa0 arduino.ar(USBCore.cpp.o)
                0x00003888                USBDeviceClass::send(unsigned long, void const*, unsigned long)
 .text._ZN14USBDeviceClass7armSendEmPKvm
                0x00003928       0x48 arduino.ar(USBCore.cpp.o)
                0x00003928                USBDeviceClass::armSend(unsigned long, void const*, unsigned long)
 .text._ZN14USBDeviceClass11sendControlEPKvm
                0x00003970       0x58 arduino.ar(USBCore.cpp.o)
                0x00003970                USBDeviceClass::sendControl(void const*, unsigned long)
 .text._ZN14USBDeviceClass20sendStringDescriptorEPKhh
                0x000039c8       0x58 arduino.ar(USBCore.cpp.o)
                0x000039c8                USBDeviceClass::sendStringDescriptor(unsigned char const*, unsigned char)
 .text._ZN14USBDeviceClass12packMessagesEb.part.3
                0x00003a20       0x20 arduino.ar(USBCore.cpp.o)
 .text._ZN14USBDeviceClass17sendConfigurationEm
                0x00003a40       0x90 arduino.ar(USBCore.cpp.o)
                0x00003a40                USBDeviceClass::sendConfiguration(unsigned long)
 .text._ZN14USBDeviceClass14sendDescriptorER8USBSetup
                0x00003ad0       0xb4 arduino.ar(USBCore.cpp.o)
                0x00003ad0                USBDeviceClass::sendDescriptor(USBSetup&)
 .text._ZN14USBDeviceClass19handleStandardSetupER8USBSetup
                0x00003b84      0x11c arduino.ar(USBCore.cpp.o)
                0x00003b84                USBDeviceClass::handleStandardSetup(USBSetup&)
 .text.startup._GLOBAL__sub_I__ZN20USBDevice_SAMD21G18x5resetEv
                0x00003ca0       0x10 arduino.ar(USBCore.cpp.o)
 .text._ZN14USBDeviceClass14handleEndpointEh
                0x00003cb0       0x5c arduino.ar(USBCore.cpp.o)
                0x00003cb0                USBDeviceClass::handleEndpoint(unsigned char)
 .text._ZN14USBDeviceClass10ISRHandlerEv
                0x00003d0c       0xf8 arduino.ar(USBCore.cpp.o)
                0x00003d0c                USBDeviceClass::ISRHandler()
 .text.UDD_Handler
                0x00003e04       0x10 arduino.ar(USBCore.cpp.o)
                0x00003e04                UDD_Handler
 .text._ZN5Print5writeEPKhj
                0x00003e14       0x28 arduino.ar(Print.cpp.o)
                0x00003e14                Print::write(unsigned char const*, unsigned int)
 .text._ZN5Print5writeEPKc
                0x00003e3c       0x1c arduino.ar(Print.cpp.o)
                0x00003e3c                Print::write(char const*)
 .text._ZN5Print5printEPKc
                0x00003e58        0x8 arduino.ar(Print.cpp.o)
                0x00003e58                Print::print(char const*)
 .text._ZN5Print5printEc
                0x00003e60        0xa arduino.ar(Print.cpp.o)
                0x00003e60                Print::print(char)
 *fill*         0x00003e6a        0x2 
 .text._ZN5Print7printlnEv
                0x00003e6c       0x10 arduino.ar(Print.cpp.o)
                0x00003e6c                Print::println()
 .text._ZN5Print7printlnEPKc
                0x00003e7c       0x14 arduino.ar(Print.cpp.o)
                0x00003e7c                Print::println(char const*)
 .text._ZN5Print11printNumberEmh
                0x00003e90       0x4e arduino.ar(Print.cpp.o)
                0x00003e90                Print::printNumber(unsigned long, unsigned char)
 .text._ZN5Print5printEli
                0x00003ede       0x3c arduino.ar(Print.cpp.o)
                0x00003ede                Print::print(long, int)
 .text._ZN5Print5printEii
                0x00003f1a        0x8 arduino.ar(Print.cpp.o)
                0x00003f1a                Print::print(int, int)
 .text._ZN5Print5printEmi
                0x00003f22       0x18 arduino.ar(Print.cpp.o)
                0x00003f22                Print::print(unsigned long, int)
 .text._ZN5Print5printEhi
                0x00003f3a        0x8 arduino.ar(Print.cpp.o)
                0x00003f3a                Print::print(unsigned char, int)
 .text._ZN5Print7printlnEhi
                0x00003f42       0x14 arduino.ar(Print.cpp.o)
                0x00003f42                Print::println(unsigned char, int)
 *fill*         0x00003f56        0x2 
 .text.initiateReset
                0x00003f58        0xc arduino.ar(Reset.cpp.o)
                0x00003f58                initiateReset
 .text.cancelReset
                0x00003f64       0x10 arduino.ar(Reset.cpp.o)
                0x00003f64                cancelReset
 .text.tickReset
                0x00003f74       0x5c arduino.ar(Reset.cpp.o)
                0x00003f74                tickReset
 .text._ZN10RingBufferC2Ev
                0x00003fd0       0x16 arduino.ar(RingBuffer.cpp.o)
                0x00003fd0                RingBuffer::RingBuffer()
                0x00003fd0                RingBuffer::RingBuffer()
 .text._ZN10RingBuffer10store_charEh
                0x00003fe6       0x16 arduino.ar(RingBuffer.cpp.o)
                0x00003fe6                RingBuffer::store_char(unsigned char)
 .text._ZN10RingBuffer5clearEv
                0x00003ffc        0x8 arduino.ar(RingBuffer.cpp.o)
                0x00003ffc                RingBuffer::clear()
 .text._ZN10RingBuffer9read_charEv
                0x00004004       0x1c arduino.ar(RingBuffer.cpp.o)
                0x00004004                RingBuffer::read_char()
 .text._ZN10RingBuffer9availableEv
                0x00004020        0xc arduino.ar(RingBuffer.cpp.o)
                0x00004020                RingBuffer::available()
 .text._ZN10RingBuffer4peekEv
                0x0000402c       0x12 arduino.ar(RingBuffer.cpp.o)
                0x0000402c                RingBuffer::peek()
 .text._ZN10RingBuffer6isFullEv
                0x0000403e       0x14 arduino.ar(RingBuffer.cpp.o)
                0x0000403e                RingBuffer::isFull()
 .text._ZN6SERCOMC2EP6Sercom
                0x00004052        0x4 arduino.ar(SERCOM.cpp.o)
                0x00004052                SERCOM::SERCOM(Sercom*)
                0x00004052                SERCOM::SERCOM(Sercom*)
 .text._ZN6SERCOM9initFrameE18SercomUartCharSize15SercomDataOrder16SercomParityMode19SercomNumberStopBit
                0x00004056       0x38 arduino.ar(SERCOM.cpp.o)
                0x00004056                SERCOM::initFrame(SercomUartCharSize, SercomDataOrder, SercomParityMode, SercomNumberStopBit)
 .text._ZN6SERCOM8initPadsE15SercomUartTXPad11SercomRXPad
                0x0000408e       0x26 arduino.ar(SERCOM.cpp.o)
                0x0000408e                SERCOM::initPads(SercomUartTXPad, SercomRXPad)
 .text._ZN6SERCOM9resetUARTEv
                0x000040b4       0x1c arduino.ar(SERCOM.cpp.o)
                0x000040b4                SERCOM::resetUART()
 .text._ZN6SERCOM10enableUARTEv
                0x000040d0       0x14 arduino.ar(SERCOM.cpp.o)
                0x000040d0                SERCOM::enableUART()
 .text._ZN6SERCOM9flushUARTEv
                0x000040e4        0xa arduino.ar(SERCOM.cpp.o)
                0x000040e4                SERCOM::flushUART()
 .text._ZN6SERCOM15clearStatusUARTEv
                0x000040ee        0x8 arduino.ar(SERCOM.cpp.o)
                0x000040ee                SERCOM::clearStatusUART()
 .text._ZN6SERCOM17availableDataUARTEv
                0x000040f6        0xa arduino.ar(SERCOM.cpp.o)
                0x000040f6                SERCOM::availableDataUART()
 .text._ZN6SERCOM11isUARTErrorEv
                0x00004100        0x8 arduino.ar(SERCOM.cpp.o)
                0x00004100                SERCOM::isUARTError()
 .text._ZN6SERCOM20acknowledgeUARTErrorEv
                0x00004108        0xe arduino.ar(SERCOM.cpp.o)
                0x00004108                SERCOM::acknowledgeUARTError()
 .text._ZN6SERCOM12readDataUARTEv
                0x00004116        0x8 arduino.ar(SERCOM.cpp.o)
                0x00004116                SERCOM::readDataUART()
 .text._ZN6SERCOM13writeDataUARTEh
                0x0000411e       0x12 arduino.ar(SERCOM.cpp.o)
                0x0000411e                SERCOM::writeDataUART(unsigned char)
 .text._ZN6SERCOM12initSPIClockE18SercomSpiClockModem
                0x00004130       0x30 arduino.ar(SERCOM.cpp.o)
                0x00004130                SERCOM::initSPIClock(SercomSpiClockMode, unsigned long)
 .text._ZN6SERCOM8resetSPIEv
                0x00004160       0x1c arduino.ar(SERCOM.cpp.o)
                0x00004160                SERCOM::resetSPI()
 .text._ZN6SERCOM9enableSPIEv
                0x0000417c       0x14 arduino.ar(SERCOM.cpp.o)
                0x0000417c                SERCOM::enableSPI()
 .text._ZN6SERCOM10disableSPIEv
                0x00004190       0x14 arduino.ar(SERCOM.cpp.o)
                0x00004190                SERCOM::disableSPI()
 .text._ZN6SERCOM12writeDataSPIEh
                0x000041a4       0x26 arduino.ar(SERCOM.cpp.o)
                0x000041a4                SERCOM::writeDataSPI(unsigned char)
 .text._ZN6SERCOM11readDataSPIEv
                0x000041ca       0x1a arduino.ar(SERCOM.cpp.o)
                0x000041ca                SERCOM::readDataSPI()
 .text._ZN6SERCOM18prepareNackBitWIREEv
                0x000041e4       0x10 arduino.ar(SERCOM.cpp.o)
                0x000041e4                SERCOM::prepareNackBitWIRE()
 .text._ZN6SERCOM17prepareAckBitWIREEv
                0x000041f4       0x14 arduino.ar(SERCOM.cpp.o)
                0x000041f4                SERCOM::prepareAckBitWIRE()
 .text._ZN6SERCOM22prepareCommandBitsWireEh
                0x00004208       0x2c arduino.ar(SERCOM.cpp.o)
                0x00004208                SERCOM::prepareCommandBitsWire(unsigned char)
 .text._ZN6SERCOM17sendDataSlaveWIREEh
                0x00004234       0x18 arduino.ar(SERCOM.cpp.o)
                0x00004234                SERCOM::sendDataSlaveWIRE(unsigned char)
 .text._ZN6SERCOM12isMasterWIREEv
                0x0000424c       0x12 arduino.ar(SERCOM.cpp.o)
                0x0000424c                SERCOM::isMasterWIRE()
 .text._ZN6SERCOM11isSlaveWIREEv
                0x0000425e       0x12 arduino.ar(SERCOM.cpp.o)
                0x0000425e                SERCOM::isSlaveWIRE()
 .text._ZN6SERCOM15isDataReadyWIREEv
                0x00004270        0xa arduino.ar(SERCOM.cpp.o)
                0x00004270                SERCOM::isDataReadyWIRE()
 .text._ZN6SERCOM18isStopDetectedWIREEv
                0x0000427a        0xa arduino.ar(SERCOM.cpp.o)
                0x0000427a                SERCOM::isStopDetectedWIRE()
 .text._ZN6SERCOM21isRestartDetectedWIREEv
                0x00004284        0xa arduino.ar(SERCOM.cpp.o)
                0x00004284                SERCOM::isRestartDetectedWIRE()
 .text._ZN6SERCOM14isAddressMatchEv
                0x0000428e        0xa arduino.ar(SERCOM.cpp.o)
                0x0000428e                SERCOM::isAddressMatch()
 .text._ZN6SERCOM25isMasterReadOperationWIREEv
                0x00004298        0xa arduino.ar(SERCOM.cpp.o)
                0x00004298                SERCOM::isMasterReadOperationWIRE()
 .text._ZN6SERCOM12readDataWIREEv
                0x000042a2       0x1a arduino.ar(SERCOM.cpp.o)
                0x000042a2                SERCOM::readDataWIRE()
 .text._ZN6SERCOM13initClockNVICEv
                0x000042bc       0xac arduino.ar(SERCOM.cpp.o)
                0x000042bc                SERCOM::initClockNVIC()
 .text._ZN6SERCOM8initUARTE14SercomUartMode20SercomUartSampleRatem
                0x00004368       0x88 arduino.ar(SERCOM.cpp.o)
                0x00004368                SERCOM::initUART(SercomUartMode, SercomUartSampleRate, unsigned long)
 .text._ZN6SERCOM7initSPIE14SercomSpiTXPad11SercomRXPad17SercomSpiCharSize15SercomDataOrder
                0x000043f0       0x48 arduino.ar(SERCOM.cpp.o)
                0x000043f0                SERCOM::initSPI(SercomSpiTXPad, SercomRXPad, SercomSpiCharSize, SercomDataOrder)
 .text._ZN4UartcvbEv
                0x00004438        0x4 arduino.ar(Uart.cpp.o)
                0x00004438                Uart::operator bool()
 .text._ZN4Uart5beginEm
                0x0000443c        0xc arduino.ar(Uart.cpp.o)
                0x0000443c                Uart::begin(unsigned long)
 .text._ZN4Uart3endEv
                0x00004448       0x14 arduino.ar(Uart.cpp.o)
                0x00004448                Uart::end()
 .text._ZN4Uart5flushEv
                0x0000445c        0xa arduino.ar(Uart.cpp.o)
                0x0000445c                Uart::flush()
 .text._ZN4Uart9availableEv
                0x00004466        0xa arduino.ar(Uart.cpp.o)
                0x00004466                Uart::available()
 .text._ZN4Uart4peekEv
                0x00004470        0xa arduino.ar(Uart.cpp.o)
                0x00004470                Uart::peek()
 .text._ZN4Uart4readEv
                0x0000447a        0xa arduino.ar(Uart.cpp.o)
                0x0000447a                Uart::read()
 .text._ZN4Uart5writeEh
                0x00004484        0xc arduino.ar(Uart.cpp.o)
                0x00004484                Uart::write(unsigned char)
 .text._ZN4UartC2EP6SERCOMhh11SercomRXPad15SercomUartTXPad
                0x00004490       0x48 arduino.ar(Uart.cpp.o)
                0x00004490                Uart::Uart(SERCOM*, unsigned char, unsigned char, SercomRXPad, SercomUartTXPad)
                0x00004490                Uart::Uart(SERCOM*, unsigned char, unsigned char, SercomRXPad, SercomUartTXPad)
 .text._ZN4Uart10IrqHandlerEv
                0x000044d8       0x36 arduino.ar(Uart.cpp.o)
                0x000044d8                Uart::IrqHandler()
 .text._ZN4Uart16extractNbStopBitEh
                0x0000450e        0xe arduino.ar(Uart.cpp.o)
                0x0000450e                Uart::extractNbStopBit(unsigned char)
 .text._ZN4Uart15extractCharSizeEh
                0x0000451c        0x4 arduino.ar(Uart.cpp.o)
                0x0000451c                Uart::extractCharSize(unsigned char)
 .text._ZN4Uart13extractParityEh
                0x00004520       0x18 arduino.ar(Uart.cpp.o)
                0x00004520                Uart::extractParity(unsigned char)
 .text._ZN4Uart5beginEmh
                0x00004538       0x88 arduino.ar(Uart.cpp.o)
                0x00004538                Uart::begin(unsigned long, unsigned char)
 .text.Dummy_Handler
                0x000045c0        0x2 arduino.ar(cortex_handlers.c.o)
                0x000045c0                DMAC_Handler
                0x000045c0                HardFault_Handler
                0x000045c0                AC_Handler
                0x000045c0                PendSV_Handler
                0x000045c0                NMI_Handler
                0x000045c0                TC7_Handler
                0x000045c0                SERCOM1_Handler
                0x000045c0                ADC_Handler
                0x000045c0                TCC1_Handler
                0x000045c0                SERCOM2_Handler
                0x000045c0                TCC0_Handler
                0x000045c0                RTC_Handler
                0x000045c0                EIC_Handler
                0x000045c0                TC6_Handler
                0x000045c0                WDT_Handler
                0x000045c0                TC4_Handler
                0x000045c0                TC3_Handler
                0x000045c0                Dummy_Handler
                0x000045c0                PM_Handler
                0x000045c0                SERCOM5_Handler
                0x000045c0                SVC_Handler
                0x000045c0                TCC2_Handler
                0x000045c0                EVSYS_Handler
                0x000045c0                SERCOM4_Handler
                0x000045c0                I2S_Handler
                0x000045c0                NVMCTRL_Handler
                0x000045c0                DAC_Handler
                0x000045c0                PTC_Handler
                0x000045c0                SYSCTRL_Handler
 *fill*         0x000045c2        0x2 
 .text.USB_Handler
                0x000045c4       0x14 arduino.ar(cortex_handlers.c.o)
                0x000045c4                USB_Handler
 .text.Reset_Handler
                0x000045d8       0x58 arduino.ar(cortex_handlers.c.o)
                0x000045d8                Reset_Handler
 .text.SysTick_Handler
                0x00004630       0x10 arduino.ar(cortex_handlers.c.o)
                0x00004630                SysTick_Handler
 .text.USB_SetHandler
                0x00004640        0xc arduino.ar(cortex_handlers.c.o)
                0x00004640                USB_SetHandler
 .text.millis   0x0000464c        0xc arduino.ar(delay.c.o)
                0x0000464c                millis
 .text.micros   0x00004658       0x64 arduino.ar(delay.c.o)
                0x00004658                micros
 .text.delay    0x000046bc       0x20 arduino.ar(delay.c.o)
                0x000046bc                delay
 .text.SysTick_DefaultHandler
                0x000046dc       0x50 arduino.ar(delay.c.o)
                0x000046dc                SysTick_DefaultHandler
 .text.__empty  0x0000472c        0x2 arduino.ar(hooks.c.o)
                0x0000472c                yield
 .text.__false  0x0000472e        0x4 arduino.ar(hooks.c.o)
                0x0000472e                sysTickHook
 .text._Z11initVariantv
                0x00004732        0x2 arduino.ar(main.cpp.o)
                0x00004732                initVariant()
 .text.startup.main
                0x00004734       0x3c arduino.ar(main.cpp.o)
                0x00004734                main
 .text.SystemInit
                0x00004770      0x164 arduino.ar(startup.c.o)
                0x00004770                SystemInit
 .text.init     0x000048d4       0xe4 arduino.ar(wiring.c.o)
                0x000048d4                init
 .text.analogReference
                0x000049b8       0x5c arduino.ar(wiring_analog.c.o)
                0x000049b8                analogReference
 .text.pinMode  0x00004a14       0xb8 arduino.ar(wiring_digital.c.o)
                0x00004a14                pinMode
 .text.digitalWrite
                0x00004acc       0x44 arduino.ar(wiring_digital.c.o)
                0x00004acc                digitalWrite
 .text.pinPeripheral
                0x00004b10       0xc4 arduino.ar(wiring_private.c.o)
                0x00004b10                pinPeripheral
 .text._ZN13PluggableUSB_12getInterfaceEPh
                0x00004bd4       0x2a arduino.ar(PluggableUSB.cpp.o)
                0x00004bd4                PluggableUSB_::getInterface(unsigned char*)
 .text._ZN13PluggableUSB_13getDescriptorER8USBSetup
                0x00004bfe       0x20 arduino.ar(PluggableUSB.cpp.o)
                0x00004bfe                PluggableUSB_::getDescriptor(USBSetup&)
 .text._ZN13PluggableUSB_12getShortNameEPc
                0x00004c1e       0x1e arduino.ar(PluggableUSB.cpp.o)
                0x00004c1e                PluggableUSB_::getShortName(char*)
 .text._ZN13PluggableUSB_5setupER8USBSetup
                0x00004c3c       0x24 arduino.ar(PluggableUSB.cpp.o)
                0x00004c3c                PluggableUSB_::setup(USBSetup&)
 .text._Z12PluggableUSBv
                0x00004c60       0x24 arduino.ar(PluggableUSB.cpp.o)
                0x00004c60                PluggableUSB()
 .text          0x00004c84       0x14 c:/eclipsearduino32/arduinoplugin/tools/arduino/arm-none-eabi-gcc/4.8.3-2014q1/bin/../lib/gcc/arm-none-eabi/4.8.3/armv6-m\libgcc.a(_thumb1_case_uqi.o)
                0x00004c84                __gnu_thumb1_case_uqi
 .text          0x00004c98       0x9c c:/eclipsearduino32/arduinoplugin/tools/arduino/arm-none-eabi-gcc/4.8.3-2014q1/bin/../lib/gcc/arm-none-eabi/4.8.3/armv6-m\libgcc.a(_udivsi3.o)
                0x00004c98                __aeabi_uidiv
                0x00004c98                __udivsi3
                0x00004d20                __aeabi_uidivmod
 .text          0x00004d34        0x4 c:/eclipsearduino32/arduinoplugin/tools/arduino/arm-none-eabi-gcc/4.8.3-2014q1/bin/../lib/gcc/arm-none-eabi/4.8.3/armv6-m\libgcc.a(_dvmd_tls.o)
                0x00004d34                __aeabi_idiv0
                0x00004d34                __aeabi_ldiv0
 .text          0x00004d38       0x30 c:/eclipsearduino32/arduinoplugin/tools/arduino/arm-none-eabi-gcc/4.8.3-2014q1/bin/../lib/gcc/arm-none-eabi/4.8.3/armv6-m\libgcc.a(_fixunssfsi.o)
                0x00004d38                __fixunssfsi
                0x00004d38                __aeabi_f2uiz
 .text          0x00004d68      0x24c c:/eclipsearduino32/arduinoplugin/tools/arduino/arm-none-eabi-gcc/4.8.3-2014q1/bin/../lib/gcc/arm-none-eabi/4.8.3/armv6-m\libgcc.a(divsf3.o)
                0x00004d68                __aeabi_fdiv
 .text          0x00004fb4      0x254 c:/eclipsearduino32/arduinoplugin/tools/arduino/arm-none-eabi-gcc/4.8.3-2014q1/bin/../lib/gcc/arm-none-eabi/4.8.3/armv6-m\libgcc.a(mulsf3.o)
                0x00004fb4                __aeabi_fmul
 .text          0x00005208      0x2e0 c:/eclipsearduino32/arduinoplugin/tools/arduino/arm-none-eabi-gcc/4.8.3-2014q1/bin/../lib/gcc/arm-none-eabi/4.8.3/armv6-m\libgcc.a(subsf3.o)
                0x00005208                __aeabi_fsub
 .text          0x000054e8       0x40 c:/eclipsearduino32/arduinoplugin/tools/arduino/arm-none-eabi-gcc/4.8.3-2014q1/bin/../lib/gcc/arm-none-eabi/4.8.3/armv6-m\libgcc.a(fixsfsi.o)
                0x000054e8                __aeabi_f2iz
 .text          0x00005528       0xa0 c:/eclipsearduino32/arduinoplugin/tools/arduino/arm-none-eabi-gcc/4.8.3-2014q1/bin/../lib/gcc/arm-none-eabi/4.8.3/armv6-m\libgcc.a(floatunsisf.o)
                0x00005528                __aeabi_ui2f
 .text          0x000055c8       0x74 c:/eclipsearduino32/arduinoplugin/tools/arduino/arm-none-eabi-gcc/4.8.3-2014q1/bin/../lib/gcc/arm-none-eabi/4.8.3/armv6-m\libgcc.a(_arm_cmpsf2.o)
                0x000055c8                __aeabi_cfrcmple
                0x000055d0                __aeabi_cfcmpeq
                0x000055d0                __aeabi_cfcmple
                0x000055e0                __aeabi_fcmpeq
                0x000055ec                __aeabi_fcmplt
                0x00005600                __aeabi_fcmple
                0x00005614                __aeabi_fcmpgt
                0x00005628                __aeabi_fcmpge
 .text          0x0000563c       0x3c c:/eclipsearduino32/arduinoplugin/tools/arduino/arm-none-eabi-gcc/4.8.3-2014q1/bin/../lib/gcc/arm-none-eabi/4.8.3/armv6-m\libgcc.a(_clzsi2.o)
                0x0000563c                __clzsi2
 .text          0x00005678       0x54 c:/eclipsearduino32/arduinoplugin/tools/arduino/arm-none-eabi-gcc/4.8.3-2014q1/bin/../lib/gcc/arm-none-eabi/4.8.3/armv6-m\libgcc.a(eqsf2.o)
                0x00005678                __eqsf2
                0x00005678                __nesf2
 .text          0x000056cc       0x90 c:/eclipsearduino32/arduinoplugin/tools/arduino/arm-none-eabi-gcc/4.8.3-2014q1/bin/../lib/gcc/arm-none-eabi/4.8.3/armv6-m\libgcc.a(gesf2.o)
                0x000056cc                __gesf2
                0x000056cc                __gtsf2
 .text          0x0000575c       0x98 c:/eclipsearduino32/arduinoplugin/tools/arduino/arm-none-eabi-gcc/4.8.3-2014q1/bin/../lib/gcc/arm-none-eabi/4.8.3/armv6-m\libgcc.a(lesf2.o)
                0x0000575c                __ltsf2
                0x0000575c                __lesf2
 .text.__libc_init_array
                0x000057f4       0x4c c:/eclipsearduino32/arduinoplugin/tools/arduino/arm-none-eabi-gcc/4.8.3-2014q1/bin/../lib/gcc/arm-none-eabi/4.8.3/../../../../arm-none-eabi/lib/armv6-m\libc_s.a(lib_a-init.o)
                0x000057f4                __libc_init_array
 .text.memcpy   0x00005840       0x12 c:/eclipsearduino32/arduinoplugin/tools/arduino/arm-none-eabi-gcc/4.8.3-2014q1/bin/../lib/gcc/arm-none-eabi/4.8.3/../../../../arm-none-eabi/lib/armv6-m\libc_s.a(lib_a-memcpy-stub.o)
                0x00005840                memcpy
 .text.memset   0x00005852       0x10 c:/eclipsearduino32/arduinoplugin/tools/arduino/arm-none-eabi-gcc/4.8.3-2014q1/bin/../lib/gcc/arm-none-eabi/4.8.3/../../../../arm-none-eabi/lib/armv6-m\libc_s.a(lib_a-memset.o)
                0x00005852                memset
 .text.strlen   0x00005862        0xe c:/eclipsearduino32/arduinoplugin/tools/arduino/arm-none-eabi-gcc/4.8.3-2014q1/bin/../lib/gcc/arm-none-eabi/4.8.3/../../../../arm-none-eabi/lib/armv6-m\libc_s.a(lib_a-strlen.o)
                0x00005862                strlen
 *(.init)
 .init          0x00005870        0x4 c:/eclipsearduino32/arduinoplugin/tools/arduino/arm-none-eabi-gcc/4.8.3-2014q1/bin/../lib/gcc/arm-none-eabi/4.8.3/armv6-m/crti.o
                0x00005870                _init
 .init          0x00005874        0x8 c:/eclipsearduino32/arduinoplugin/tools/arduino/arm-none-eabi-gcc/4.8.3-2014q1/bin/../lib/gcc/arm-none-eabi/4.8.3/armv6-m/crtn.o
 *(.fini)
 .fini          0x0000587c        0x4 c:/eclipsearduino32/arduinoplugin/tools/arduino/arm-none-eabi-gcc/4.8.3-2014q1/bin/../lib/gcc/arm-none-eabi/4.8.3/armv6-m/crti.o
                0x0000587c                _fini
 .fini          0x00005880        0x8 c:/eclipsearduino32/arduinoplugin/tools/arduino/arm-none-eabi-gcc/4.8.3-2014q1/bin/../lib/gcc/arm-none-eabi/4.8.3/armv6-m/crtn.o
 *crtbegin.o(.ctors)
 *crtbegin?.o(.ctors)
 *(EXCLUDE_FILE(*crtend.o *crtend?.o) .ctors)
 *(SORT(.ctors.*))
 *(.ctors)
 *crtbegin.o(.dtors)
 *crtbegin?.o(.dtors)
 *(EXCLUDE_FILE(*crtend.o *crtend?.o) .dtors)
 *(SORT(.dtors.*))
 *(.dtors)
 *(.rodata*)
 .rodata.str1.1
                0x00005888       0x82 ./.ino.cpp.o
                                 0x88 (size before relaxing)
 *fill*         0x0000590a        0x6 
 .rodata._ZTV7TwoWire
                0x00005910       0x20 ./libraries/Wire/Wire.cpp.o
                0x00005910                vtable for TwoWire
 .rodata._ZTV6SdFile
                0x00005930       0x10 ./libraries/SD/src/utility/SdFile.cpp.o
                0x00005930                vtable for SdFile
 .rodata.g_APinDescription
                0x00005940      0x420 arduino.ar(variant.cpp.o)
                0x00005940                g_APinDescription
 .rodata._ZTV7Serial_
                0x00005d60       0x28 arduino.ar(CDC.cpp.o)
                0x00005d60                vtable for Serial_
 .rodata._ZL15STRING_LANGUAGE
                0x00005d88        0x4 arduino.ar(USBCore.cpp.o)
 .rodata._ZL19STRING_MANUFACTURER
                0x00005d8c        0x9 arduino.ar(USBCore.cpp.o)
 .rodata._ZL21USB_DeviceDescriptorB
                0x00005d95       0x12 arduino.ar(USBCore.cpp.o)
 .rodata._ZL14STRING_PRODUCT
                0x00005da7        0xb arduino.ar(USBCore.cpp.o)
 .rodata.str1.1
                0x00005db2        0xe arduino.ar(Print.cpp.o)
                                 0x11 (size before relaxing)
 .rodata._ZTV4Uart
                0x00005dc0       0x30 arduino.ar(Uart.cpp.o)
                0x00005dc0                vtable for Uart
 .rodata        0x00005df0       0x40 c:/eclipsearduino32/arduinoplugin/tools/arduino/arm-none-eabi-gcc/4.8.3-2014q1/bin/../lib/gcc/arm-none-eabi/4.8.3/armv6-m\libgcc.a(divsf3.o)
 .rodata        0x00005e30       0x40 c:/eclipsearduino32/arduinoplugin/tools/arduino/arm-none-eabi-gcc/4.8.3-2014q1/bin/../lib/gcc/arm-none-eabi/4.8.3/armv6-m\libgcc.a(mulsf3.o)
 *(.eh_frame*)
 .eh_frame      0x00005e70        0x0 c:/eclipsearduino32/arduinoplugin/tools/arduino/arm-none-eabi-gcc/4.8.3-2014q1/bin/../lib/gcc/arm-none-eabi/4.8.3/armv6-m/crtbegin.o
 .eh_frame      0x00005e70        0x4 c:/eclipsearduino32/arduinoplugin/tools/arduino/arm-none-eabi-gcc/4.8.3-2014q1/bin/../lib/gcc/arm-none-eabi/4.8.3/armv6-m/crtend.o

.glue_7         0x00005e74        0x0
 .glue_7        0x00000000        0x0 linker stubs

.glue_7t        0x00005e74        0x0
 .glue_7t       0x00000000        0x0 linker stubs

.vfp11_veneer   0x00005e74        0x0
 .vfp11_veneer  0x00000000        0x0 linker stubs

.v4_bx          0x00005e74        0x0
 .v4_bx         0x00000000        0x0 linker stubs

.iplt           0x00005e74        0x0
 .iplt          0x00000000        0x0 c:/eclipsearduino32/arduinoplugin/tools/arduino/arm-none-eabi-gcc/4.8.3-2014q1/bin/../lib/gcc/arm-none-eabi/4.8.3/armv6-m/crtbegin.o

.rel.dyn        0x00005e74        0x0
 .rel.iplt      0x00000000        0x0 c:/eclipsearduino32/arduinoplugin/tools/arduino/arm-none-eabi-gcc/4.8.3-2014q1/bin/../lib/gcc/arm-none-eabi/4.8.3/armv6-m/crtbegin.o

.ARM.extab
 *(.ARM.extab* .gnu.linkonce.armextab.*)
                0x00005e74                __exidx_start = .

.ARM.exidx
 *(.ARM.exidx* .gnu.linkonce.armexidx.*)
                0x00005e74                __exidx_end = .
                0x00005e74                __etext = .

.data           0x20000000       0xac load address 0x00005e74
                0x20000000                __data_start__ = .
 *(vtable)
 *(.data*)
 .data.page_number
                0x20000000        0x4 ./.ino.cpp.o
                0x20000000                page_number
 .data._ZN8SdVolume17cacheBlockNumber_E
                0x20000004        0x4 ./libraries/SD/src/utility/SdVolume.cpp.o
                0x20000004                SdVolume::cacheBlockNumber_
 .data._ZL13_cdcInterface
                0x20000008       0x42 arduino.ar(CDC.cpp.o)
 *fill*         0x2000004a        0x2 
 .data._ZL12_usbLineInfo
                0x2000004c        0x8 arduino.ar(CDC.cpp.o)
 .data.EndPoints
                0x20000054       0x28 arduino.ar(USBCore.cpp.o)
                0x20000054                EndPoints
 .data._ZL5ticks
                0x2000007c        0x4 arduino.ar(Reset.cpp.o)
 .data.SystemCoreClock
                0x20000080        0x4 arduino.ar(wiring.c.o)
                0x20000080                SystemCoreClock
                0x20000084                . = ALIGN (0x4)
                0x20000084                PROVIDE (__preinit_array_start, .)
 *(.preinit_array)
                0x20000084                PROVIDE (__preinit_array_end, .)
                0x20000084                . = ALIGN (0x4)
                0x20000084                PROVIDE (__init_array_start, .)
 *(SORT(.init_array.*))
 *(.init_array)
 .init_array    0x20000084        0x4 c:/eclipsearduino32/arduinoplugin/tools/arduino/arm-none-eabi-gcc/4.8.3-2014q1/bin/../lib/gcc/arm-none-eabi/4.8.3/armv6-m/crtbegin.o
 .init_array    0x20000088        0x4 ./libraries/Wire/Wire.cpp.o
 .init_array    0x2000008c        0x4 ./libraries/SPI/SPI.cpp.o
 .init_array    0x20000090        0x4 ./libraries/SD/src/utility/Sd2Card.cpp.o
 .init_array    0x20000094        0x4 ./libraries/SD/src/SD.cpp.o
 .init_array    0x20000098        0x4 arduino.ar(variant.cpp.o)
 .init_array    0x2000009c        0x4 arduino.ar(CDC.cpp.o)
 .init_array    0x200000a0        0x4 arduino.ar(USBCore.cpp.o)
                0x200000a4                PROVIDE (__init_array_end, .)
                0x200000a4                . = ALIGN (0x4)
                0x200000a4                PROVIDE (__fini_array_start, .)
 *(SORT(.fini_array.*))
 *(.fini_array)
 .fini_array    0x200000a4        0x4 c:/eclipsearduino32/arduinoplugin/tools/arduino/arm-none-eabi-gcc/4.8.3-2014q1/bin/../lib/gcc/arm-none-eabi/4.8.3/armv6-m/crtbegin.o
                0x200000a8                PROVIDE (__fini_array_end, .)
 *(.jcr*)
 .jcr           0x200000a8        0x0 c:/eclipsearduino32/arduinoplugin/tools/arduino/arm-none-eabi-gcc/4.8.3-2014q1/bin/../lib/gcc/arm-none-eabi/4.8.3/armv6-m/crtbegin.o
 .jcr           0x200000a8        0x4 c:/eclipsearduino32/arduinoplugin/tools/arduino/arm-none-eabi-gcc/4.8.3-2014q1/bin/../lib/gcc/arm-none-eabi/4.8.3/armv6-m/crtend.o
                0x200000ac                . = ALIGN (0x4)
                0x200000ac                __data_end__ = .

.igot.plt       0x200000ac        0x0 load address 0x00005f20
 .igot.plt      0x00000000        0x0 c:/eclipsearduino32/arduinoplugin/tools/arduino/arm-none-eabi-gcc/4.8.3-2014q1/bin/../lib/gcc/arm-none-eabi/4.8.3/armv6-m/crtbegin.o

.bss            0x200000ac      0xcb4 load address 0x00005f20
                0x200000ac                . = ALIGN (0x4)
                0x200000ac                __bss_start__ = .
 *(.bss*)
 .bss           0x200000ac       0x1c c:/eclipsearduino32/arduinoplugin/tools/arduino/arm-none-eabi-gcc/4.8.3-2014q1/bin/../lib/gcc/arm-none-eabi/4.8.3/armv6-m/crtbegin.o
 .bss.w_page    0x200000c8      0x100 ./.ino.cpp.o
                0x200000c8                w_page
 .bss.r_page    0x200001c8      0x100 ./.ino.cpp.o
                0x200001c8                r_page
 .bss.flash_wait_for_write
                0x200002c8        0x1 ./flash.cpp.o
                0x200002c8                flash_wait_for_write
 *fill*         0x200002c9        0x3 
 .bss.Wire      0x200002cc       0xb4 ./libraries/Wire/Wire.cpp.o
                0x200002cc                Wire
 .bss._ZL20DEFAULT_SPI_SETTINGS
                0x20000380        0x8 ./libraries/SPI/SPI.cpp.o
 .bss.SPI       0x20000388       0x10 ./libraries/SPI/SPI.cpp.o
                0x20000388                SPI
 .bss._ZL8settings
                0x20000398        0x8 ./libraries/SD/src/utility/Sd2Card.cpp.o
 .bss._ZL20chip_select_asserted
                0x200003a0        0x1 ./libraries/SD/src/utility/Sd2Card.cpp.o
 *fill*         0x200003a1        0x3 
 .bss._ZN6SdFile9dateTime_E
                0x200003a4        0x4 ./libraries/SD/src/utility/SdFile.cpp.o
                0x200003a4                SdFile::dateTime_
 .bss._ZN8SdVolume17cacheMirrorBlock_E
                0x200003a8        0x4 ./libraries/SD/src/utility/SdVolume.cpp.o
                0x200003a8                SdVolume::cacheMirrorBlock_
 .bss._ZN8SdVolume7sdCard_E
                0x200003ac        0x4 ./libraries/SD/src/utility/SdVolume.cpp.o
                0x200003ac                SdVolume::sdCard_
 .bss._ZN8SdVolume12cacheBuffer_E
                0x200003b0      0x200 ./libraries/SD/src/utility/SdVolume.cpp.o
                0x200003b0                SdVolume::cacheBuffer_
 .bss._ZN8SdVolume11cacheDirty_E
                0x200005b0        0x1 ./libraries/SD/src/utility/SdVolume.cpp.o
                0x200005b0                SdVolume::cacheDirty_
 *fill*         0x200005b1        0x3 
 .bss._ZN5SDLib2SDE
                0x200005b4       0x64 ./libraries/SD/src/SD.cpp.o
                0x200005b4                SDLib::SD
 .bss.Serial1   0x20000618       0x60 arduino.ar(variant.cpp.o)
                0x20000618                Serial1
 .bss.sercom3   0x20000678        0x4 arduino.ar(variant.cpp.o)
                0x20000678                sercom3
 .bss.sercom0   0x2000067c        0x4 arduino.ar(variant.cpp.o)
                0x2000067c                sercom0
 .bss.sercom1   0x20000680        0x4 arduino.ar(variant.cpp.o)
                0x20000680                sercom1
 .bss.sercom2   0x20000684        0x4 arduino.ar(variant.cpp.o)
                0x20000684                sercom2
 .bss.sercom4   0x20000688        0x4 arduino.ar(variant.cpp.o)
                0x20000688                sercom4
 .bss.sercom5   0x2000068c        0x4 arduino.ar(variant.cpp.o)
                0x2000068c                sercom5
 .bss.USB_TXLEDticks
                0x20000690        0x1 arduino.ar(CDC.cpp.o)
                0x20000690                USB_TXLEDticks
 *fill*         0x20000691        0x3 
 .bss.Serial    0x20000694       0x18 arduino.ar(CDC.cpp.o)
                0x20000694                Serial
 .bss.cdc_rx_buffer
                0x200006ac      0x10c arduino.ar(CDC.cpp.o)
                0x200006ac                cdc_rx_buffer
 .bss.USB_RXLEDticks
                0x200007b8        0x1 arduino.ar(CDC.cpp.o)
                0x200007b8                USB_RXLEDticks
 .bss._ZL14isEndpointHalt
                0x200007b9        0x1 arduino.ar(USBCore.cpp.o)
 .bss._pack_buffer
                0x200007ba      0x100 arduino.ar(USBCore.cpp.o)
                0x200007ba                _pack_buffer
 .bss._pack_size
                0x200008ba        0x2 arduino.ar(USBCore.cpp.o)
                0x200008ba                _pack_size
 .bss._ZL22udd_ep_in_cache_buffer
                0x200008bc      0x1c0 arduino.ar(USBCore.cpp.o)
 .bss._ZL23udd_ep_out_cache_buffer
                0x20000a7c      0x1c0 arduino.ar(USBCore.cpp.o)
 .bss._pack_message
                0x20000c3c        0x1 arduino.ar(USBCore.cpp.o)
                0x20000c3c                _pack_message
 .bss._ZL21isRemoteWakeUpEnabled
                0x20000c3d        0x1 arduino.ar(USBCore.cpp.o)
 .bss._dry_run  0x20000c3e        0x1 arduino.ar(USBCore.cpp.o)
                0x20000c3e                _dry_run
 .bss.USBDevice
                0x20000c3f        0x1 arduino.ar(USBCore.cpp.o)
                0x20000c3f                USBDevice
 .bss._usbSetInterface
                0x20000c40        0x4 arduino.ar(USBCore.cpp.o)
                0x20000c40                _usbSetInterface
 .bss.usbd      0x20000c44      0x104 arduino.ar(USBCore.cpp.o)
                0x20000c44                usbd
 .bss._usbConfiguration
                0x20000d48        0x4 arduino.ar(USBCore.cpp.o)
                0x20000d48                _usbConfiguration
 .bss.usb_isr   0x20000d4c        0x4 arduino.ar(cortex_handlers.c.o)
 .bss._ulTickCount
                0x20000d50        0x4 arduino.ar(delay.c.o)
 .bss._ZZ12PluggableUSBvE3obj
                0x20000d54        0x8 arduino.ar(PluggableUSB.cpp.o)
 .bss._ZGVZ12PluggableUSBvE3obj
                0x20000d5c        0x4 arduino.ar(PluggableUSB.cpp.o)
 *(COMMON)
                0x20000d60                . = ALIGN (0x4)
                0x20000d60                __bss_end__ = .

.heap           0x20000d60        0x0
                0x20000d60                __end__ = .
                0x20000d60                PROVIDE (end, .)
 *(.heap*)
                0x20000d60                __HeapLimit = .

.stack_dummy    0x20000d60        0x0
 *(.stack*)
                0x20008000                __StackTop = (ORIGIN (RAM) + 0x8000)
                0x20008000                __StackLimit = (__StackTop - SIZEOF (.stack_dummy))
                0x20008000                PROVIDE (__stack, __StackTop)
                0x20007fff                __ram_end__ = ((ORIGIN (RAM) + 0x8000) - 0x1)
                0x00000001                ASSERT ((__StackLimit >= __HeapLimit), region RAM overflowed with stack)
OUTPUT(C:/eclipseArduino32/workspace/PruebaSerialFlash/Release/PruebaSerialFlash.elf elf32-littlearm)

.ARM.attributes
                0x00000000       0x28
 .ARM.attributes
                0x00000000       0x1e c:/eclipsearduino32/arduinoplugin/tools/arduino/arm-none-eabi-gcc/4.8.3-2014q1/bin/../lib/gcc/arm-none-eabi/4.8.3/armv6-m/crti.o
 .ARM.attributes
                0x0000001e       0x2c c:/eclipsearduino32/arduinoplugin/tools/arduino/arm-none-eabi-gcc/4.8.3-2014q1/bin/../lib/gcc/arm-none-eabi/4.8.3/armv6-m/crtbegin.o
 .ARM.attributes
                0x0000004a       0x32 ./.ino.cpp.o
 .ARM.attributes
                0x0000007c       0x32 ./flash.cpp.o
 .ARM.attributes
                0x000000ae       0x32 ./libraries/Wire/Wire.cpp.o
 .ARM.attributes
                0x000000e0       0x32 ./libraries/SPI/SPI.cpp.o
 .ARM.attributes
                0x00000112       0x32 ./libraries/SD/src/utility/Sd2Card.cpp.o
 .ARM.attributes
                0x00000144       0x32 ./libraries/SD/src/utility/SdFile.cpp.o
 .ARM.attributes
                0x00000176       0x32 ./libraries/SD/src/utility/SdVolume.cpp.o
 .ARM.attributes
                0x000001a8       0x32 ./libraries/SD/src/SD.cpp.o
 .ARM.attributes
                0x000001da       0x32 arduino.ar(variant.cpp.o)
 .ARM.attributes
                0x0000020c       0x32 arduino.ar(CDC.cpp.o)
 .ARM.attributes
                0x0000023e       0x32 arduino.ar(USBCore.cpp.o)
 .ARM.attributes
                0x00000270       0x32 arduino.ar(Print.cpp.o)
 .ARM.attributes
                0x000002a2       0x32 arduino.ar(Reset.cpp.o)
 .ARM.attributes
                0x000002d4       0x32 arduino.ar(RingBuffer.cpp.o)
 .ARM.attributes
                0x00000306       0x32 arduino.ar(SERCOM.cpp.o)
 .ARM.attributes
                0x00000338       0x32 arduino.ar(Uart.cpp.o)
 .ARM.attributes
                0x0000036a       0x32 arduino.ar(cortex_handlers.c.o)
 .ARM.attributes
                0x0000039c       0x32 arduino.ar(delay.c.o)
 .ARM.attributes
                0x000003ce       0x32 arduino.ar(hooks.c.o)
 .ARM.attributes
                0x00000400       0x32 arduino.ar(main.cpp.o)
 .ARM.attributes
                0x00000432       0x32 arduino.ar(startup.c.o)
 .ARM.attributes
                0x00000464       0x32 arduino.ar(wiring.c.o)
 .ARM.attributes
                0x00000496       0x32 arduino.ar(wiring_analog.c.o)
 .ARM.attributes
                0x000004c8       0x32 arduino.ar(wiring_digital.c.o)
 .ARM.attributes
                0x000004fa       0x32 arduino.ar(wiring_private.c.o)
 .ARM.attributes
                0x0000052c       0x32 arduino.ar(PluggableUSB.cpp.o)
 .ARM.attributes
                0x0000055e       0x1e c:/eclipsearduino32/arduinoplugin/tools/arduino/arm-none-eabi-gcc/4.8.3-2014q1/bin/../lib/gcc/arm-none-eabi/4.8.3/armv6-m\libgcc.a(_thumb1_case_uqi.o)
 .ARM.attributes
                0x0000057c       0x1e c:/eclipsearduino32/arduinoplugin/tools/arduino/arm-none-eabi-gcc/4.8.3-2014q1/bin/../lib/gcc/arm-none-eabi/4.8.3/armv6-m\libgcc.a(_udivsi3.o)
 .ARM.attributes
                0x0000059a       0x1e c:/eclipsearduino32/arduinoplugin/tools/arduino/arm-none-eabi-gcc/4.8.3-2014q1/bin/../lib/gcc/arm-none-eabi/4.8.3/armv6-m\libgcc.a(_dvmd_tls.o)
 .ARM.attributes
                0x000005b8       0x2c c:/eclipsearduino32/arduinoplugin/tools/arduino/arm-none-eabi-gcc/4.8.3-2014q1/bin/../lib/gcc/arm-none-eabi/4.8.3/armv6-m\libgcc.a(_fixunssfsi.o)
 .ARM.attributes
                0x000005e4       0x2c c:/eclipsearduino32/arduinoplugin/tools/arduino/arm-none-eabi-gcc/4.8.3-2014q1/bin/../lib/gcc/arm-none-eabi/4.8.3/armv6-m\libgcc.a(divsf3.o)
 .ARM.attributes
                0x00000610       0x2c c:/eclipsearduino32/arduinoplugin/tools/arduino/arm-none-eabi-gcc/4.8.3-2014q1/bin/../lib/gcc/arm-none-eabi/4.8.3/armv6-m\libgcc.a(mulsf3.o)
 .ARM.attributes
                0x0000063c       0x2c c:/eclipsearduino32/arduinoplugin/tools/arduino/arm-none-eabi-gcc/4.8.3-2014q1/bin/../lib/gcc/arm-none-eabi/4.8.3/armv6-m\libgcc.a(subsf3.o)
 .ARM.attributes
                0x00000668       0x2c c:/eclipsearduino32/arduinoplugin/tools/arduino/arm-none-eabi-gcc/4.8.3-2014q1/bin/../lib/gcc/arm-none-eabi/4.8.3/armv6-m\libgcc.a(fixsfsi.o)
 .ARM.attributes
                0x00000694       0x2c c:/eclipsearduino32/arduinoplugin/tools/arduino/arm-none-eabi-gcc/4.8.3-2014q1/bin/../lib/gcc/arm-none-eabi/4.8.3/armv6-m\libgcc.a(floatunsisf.o)
 .ARM.attributes
                0x000006c0       0x1e c:/eclipsearduino32/arduinoplugin/tools/arduino/arm-none-eabi-gcc/4.8.3-2014q1/bin/../lib/gcc/arm-none-eabi/4.8.3/armv6-m\libgcc.a(_arm_cmpsf2.o)
 .ARM.attributes
                0x000006de       0x1e c:/eclipsearduino32/arduinoplugin/tools/arduino/arm-none-eabi-gcc/4.8.3-2014q1/bin/../lib/gcc/arm-none-eabi/4.8.3/armv6-m\libgcc.a(_clzsi2.o)
 .ARM.attributes
                0x000006fc       0x2c c:/eclipsearduino32/arduinoplugin/tools/arduino/arm-none-eabi-gcc/4.8.3-2014q1/bin/../lib/gcc/arm-none-eabi/4.8.3/armv6-m\libgcc.a(eqsf2.o)
 .ARM.attributes
                0x00000728       0x2c c:/eclipsearduino32/arduinoplugin/tools/arduino/arm-none-eabi-gcc/4.8.3-2014q1/bin/../lib/gcc/arm-none-eabi/4.8.3/armv6-m\libgcc.a(gesf2.o)
 .ARM.attributes
                0x00000754       0x2c c:/eclipsearduino32/arduinoplugin/tools/arduino/arm-none-eabi-gcc/4.8.3-2014q1/bin/../lib/gcc/arm-none-eabi/4.8.3/armv6-m\libgcc.a(lesf2.o)
 .ARM.attributes
                0x00000780       0x2c c:/eclipsearduino32/arduinoplugin/tools/arduino/arm-none-eabi-gcc/4.8.3-2014q1/bin/../lib/gcc/arm-none-eabi/4.8.3/../../../../arm-none-eabi/lib/armv6-m\libc_s.a(lib_a-init.o)
 .ARM.attributes
                0x000007ac       0x2c c:/eclipsearduino32/arduinoplugin/tools/arduino/arm-none-eabi-gcc/4.8.3-2014q1/bin/../lib/gcc/arm-none-eabi/4.8.3/../../../../arm-none-eabi/lib/armv6-m\libc_s.a(lib_a-memcpy-stub.o)
 .ARM.attributes
                0x000007d8       0x2c c:/eclipsearduino32/arduinoplugin/tools/arduino/arm-none-eabi-gcc/4.8.3-2014q1/bin/../lib/gcc/arm-none-eabi/4.8.3/../../../../arm-none-eabi/lib/armv6-m\libc_s.a(lib_a-memset.o)
 .ARM.attributes
                0x00000804       0x2c c:/eclipsearduino32/arduinoplugin/tools/arduino/arm-none-eabi-gcc/4.8.3-2014q1/bin/../lib/gcc/arm-none-eabi/4.8.3/../../../../arm-none-eabi/lib/armv6-m\libc_s.a(lib_a-strlen.o)
 .ARM.attributes
                0x00000830       0x2c c:/eclipsearduino32/arduinoplugin/tools/arduino/arm-none-eabi-gcc/4.8.3-2014q1/bin/../lib/gcc/arm-none-eabi/4.8.3/armv6-m/crtend.o
 .ARM.attributes
                0x0000085c       0x1e c:/eclipsearduino32/arduinoplugin/tools/arduino/arm-none-eabi-gcc/4.8.3-2014q1/bin/../lib/gcc/arm-none-eabi/4.8.3/armv6-m/crtn.o

.comment        0x00000000       0x70
 .comment       0x00000000       0x70 ./.ino.cpp.o
                                 0x71 (size before relaxing)
 .comment       0x00000000       0x71 ./flash.cpp.o
 .comment       0x00000000       0x71 ./libraries/Wire/Wire.cpp.o
 .comment       0x00000000       0x71 ./libraries/SPI/SPI.cpp.o
 .comment       0x00000000       0x71 ./libraries/SD/src/utility/Sd2Card.cpp.o
 .comment       0x00000000       0x71 ./libraries/SD/src/utility/SdFile.cpp.o
 .comment       0x00000000       0x71 ./libraries/SD/src/utility/SdVolume.cpp.o
 .comment       0x00000000       0x71 ./libraries/SD/src/SD.cpp.o
 .comment       0x00000000       0x71 arduino.ar(variant.cpp.o)
 .comment       0x00000000       0x71 arduino.ar(CDC.cpp.o)
 .comment       0x00000000       0x71 arduino.ar(USBCore.cpp.o)
 .comment       0x00000000       0x71 arduino.ar(Print.cpp.o)
 .comment       0x00000000       0x71 arduino.ar(Reset.cpp.o)
 .comment       0x00000000       0x71 arduino.ar(RingBuffer.cpp.o)
 .comment       0x00000000       0x71 arduino.ar(SERCOM.cpp.o)
 .comment       0x00000000       0x71 arduino.ar(Uart.cpp.o)
 .comment       0x00000000       0x71 arduino.ar(cortex_handlers.c.o)
 .comment       0x00000000       0x71 arduino.ar(delay.c.o)
 .comment       0x00000000       0x71 arduino.ar(hooks.c.o)
 .comment       0x00000000       0x71 arduino.ar(main.cpp.o)
 .comment       0x00000000       0x71 arduino.ar(startup.c.o)
 .comment       0x00000000       0x71 arduino.ar(wiring.c.o)
 .comment       0x00000000       0x71 arduino.ar(wiring_analog.c.o)
 .comment       0x00000000       0x71 arduino.ar(wiring_digital.c.o)
 .comment       0x00000000       0x71 arduino.ar(wiring_private.c.o)
 .comment       0x00000000       0x71 arduino.ar(PluggableUSB.cpp.o)

.debug_info     0x00000000    0x43727
 .debug_info    0x00000000      0x944 ./.ino.cpp.o
 .debug_info    0x00000944     0x36ff ./flash.cpp.o
 .debug_info    0x00004043     0x4ba5 ./libraries/Wire/Wire.cpp.o
 .debug_info    0x00008be8     0x3fc3 ./libraries/SPI/SPI.cpp.o
 .debug_info    0x0000cbab     0x4c7e ./libraries/SD/src/utility/Sd2Card.cpp.o
 .debug_info    0x00011829     0x4a95 ./libraries/SD/src/utility/SdFile.cpp.o
 .debug_info    0x000162be     0x21cd ./libraries/SD/src/utility/SdVolume.cpp.o
 .debug_info    0x0001848b     0x44d0 ./libraries/SD/src/SD.cpp.o
 .debug_info    0x0001c95b     0x5483 arduino.ar(variant.cpp.o)
 .debug_info    0x00021dde     0x437a arduino.ar(CDC.cpp.o)
 .debug_info    0x00026158     0x6c8c arduino.ar(USBCore.cpp.o)
 .debug_info    0x0002cde4     0x25d6 arduino.ar(Print.cpp.o)
 .debug_info    0x0002f3ba      0x7d6 arduino.ar(Reset.cpp.o)
 .debug_info    0x0002fb90      0x47c arduino.ar(RingBuffer.cpp.o)
 .debug_info    0x0003000c     0x393c arduino.ar(SERCOM.cpp.o)
 .debug_info    0x00033948     0x46cf arduino.ar(Uart.cpp.o)
 .debug_info    0x00038017      0x4cc arduino.ar(cortex_handlers.c.o)
 .debug_info    0x000384e3      0x3ac arduino.ar(delay.c.o)
 .debug_info    0x0003888f       0x60 arduino.ar(hooks.c.o)
 .debug_info    0x000388ef      0x76b arduino.ar(main.cpp.o)
 .debug_info    0x0003905a     0x2964 arduino.ar(startup.c.o)
 .debug_info    0x0003b9be     0x1dc1 arduino.ar(wiring.c.o)
 .debug_info    0x0003d77f     0x4217 arduino.ar(wiring_analog.c.o)
 .debug_info    0x00041996      0xb56 arduino.ar(wiring_digital.c.o)
 .debug_info    0x000424ec      0xb6a arduino.ar(wiring_private.c.o)
 .debug_info    0x00043056      0x6d1 arduino.ar(PluggableUSB.cpp.o)

.debug_abbrev   0x00000000     0x62e1
 .debug_abbrev  0x00000000      0x200 ./.ino.cpp.o
 .debug_abbrev  0x00000200      0x475 ./flash.cpp.o
 .debug_abbrev  0x00000675      0x5c5 ./libraries/Wire/Wire.cpp.o
 .debug_abbrev  0x00000c3a      0x502 ./libraries/SPI/SPI.cpp.o
 .debug_abbrev  0x0000113c      0x5d4 ./libraries/SD/src/utility/Sd2Card.cpp.o
 .debug_abbrev  0x00001710      0x835 ./libraries/SD/src/utility/SdFile.cpp.o
 .debug_abbrev  0x00001f45      0x56c ./libraries/SD/src/utility/SdVolume.cpp.o
 .debug_abbrev  0x000024b1      0x7f2 ./libraries/SD/src/SD.cpp.o
 .debug_abbrev  0x00002ca3      0x32b arduino.ar(variant.cpp.o)
 .debug_abbrev  0x00002fce      0x6e0 arduino.ar(CDC.cpp.o)
 .debug_abbrev  0x000036ae      0x754 arduino.ar(USBCore.cpp.o)
 .debug_abbrev  0x00003e02      0x425 arduino.ar(Print.cpp.o)
 .debug_abbrev  0x00004227      0x1fe arduino.ar(Reset.cpp.o)
 .debug_abbrev  0x00004425      0x1f5 arduino.ar(RingBuffer.cpp.o)
 .debug_abbrev  0x0000461a      0x48d arduino.ar(SERCOM.cpp.o)
 .debug_abbrev  0x00004aa7      0x4e7 arduino.ar(Uart.cpp.o)
 .debug_abbrev  0x00004f8e      0x159 arduino.ar(cortex_handlers.c.o)
 .debug_abbrev  0x000050e7      0x1a7 arduino.ar(delay.c.o)
 .debug_abbrev  0x0000528e       0x47 arduino.ar(hooks.c.o)
 .debug_abbrev  0x000052d5      0x1fe arduino.ar(main.cpp.o)
 .debug_abbrev  0x000054d3      0x17a arduino.ar(startup.c.o)
 .debug_abbrev  0x0000564d      0x273 arduino.ar(wiring.c.o)
 .debug_abbrev  0x000058c0      0x348 arduino.ar(wiring_analog.c.o)
 .debug_abbrev  0x00005c08      0x1e5 arduino.ar(wiring_digital.c.o)
 .debug_abbrev  0x00005ded      0x21b arduino.ar(wiring_private.c.o)
 .debug_abbrev  0x00006008      0x2d9 arduino.ar(PluggableUSB.cpp.o)

.debug_loc      0x00000000     0xa48e
 .debug_loc     0x00000000       0xf4 ./.ino.cpp.o
 .debug_loc     0x000000f4      0x481 ./flash.cpp.o
 .debug_loc     0x00000575      0x5cc ./libraries/Wire/Wire.cpp.o
 .debug_loc     0x00000b41      0x426 ./libraries/SPI/SPI.cpp.o
 .debug_loc     0x00000f67      0xeeb ./libraries/SD/src/utility/Sd2Card.cpp.o
 .debug_loc     0x00001e52     0x1fa4 ./libraries/SD/src/utility/SdFile.cpp.o
 .debug_loc     0x00003df6      0x7ee ./libraries/SD/src/utility/SdVolume.cpp.o
 .debug_loc     0x000045e4      0xe72 ./libraries/SD/src/SD.cpp.o
 .debug_loc     0x00005456      0x3f2 arduino.ar(CDC.cpp.o)
 .debug_loc     0x00005848     0x1f53 arduino.ar(USBCore.cpp.o)
 .debug_loc     0x0000779b     0x117c arduino.ar(Print.cpp.o)
 .debug_loc     0x00008917      0x1d9 arduino.ar(RingBuffer.cpp.o)
 .debug_loc     0x00008af0      0xa5b arduino.ar(SERCOM.cpp.o)
 .debug_loc     0x0000954b      0x3b6 arduino.ar(Uart.cpp.o)
 .debug_loc     0x00009901       0x7b arduino.ar(cortex_handlers.c.o)
 .debug_loc     0x0000997c       0xf4 arduino.ar(delay.c.o)
 .debug_loc     0x00009a70       0x58 arduino.ar(startup.c.o)
 .debug_loc     0x00009ac8       0xa7 arduino.ar(wiring.c.o)
 .debug_loc     0x00009b6f      0x474 arduino.ar(wiring_analog.c.o)
 .debug_loc     0x00009fe3      0x130 arduino.ar(wiring_digital.c.o)
 .debug_loc     0x0000a113      0x123 arduino.ar(wiring_private.c.o)
 .debug_loc     0x0000a236      0x258 arduino.ar(PluggableUSB.cpp.o)

.debug_aranges  0x00000000      0xca8
 .debug_aranges
                0x00000000       0x28 ./.ino.cpp.o
 .debug_aranges
                0x00000028       0x88 ./flash.cpp.o
 .debug_aranges
                0x000000b0       0xc0 ./libraries/Wire/Wire.cpp.o
 .debug_aranges
                0x00000170       0x98 ./libraries/SPI/SPI.cpp.o
 .debug_aranges
                0x00000208       0xd0 ./libraries/SD/src/utility/Sd2Card.cpp.o
 .debug_aranges
                0x000002d8      0x120 ./libraries/SD/src/utility/SdFile.cpp.o
 .debug_aranges
                0x000003f8       0x60 ./libraries/SD/src/utility/SdVolume.cpp.o
 .debug_aranges
                0x00000458       0xa0 ./libraries/SD/src/SD.cpp.o
 .debug_aranges
                0x000004f8       0x28 arduino.ar(variant.cpp.o)
 .debug_aranges
                0x00000520       0x98 arduino.ar(CDC.cpp.o)
 .debug_aranges
                0x000005b8      0x130 arduino.ar(USBCore.cpp.o)
 .debug_aranges
                0x000006e8       0xf0 arduino.ar(Print.cpp.o)
 .debug_aranges
                0x000007d8       0x30 arduino.ar(Reset.cpp.o)
 .debug_aranges
                0x00000808       0x58 arduino.ar(RingBuffer.cpp.o)
 .debug_aranges
                0x00000860      0x1c8 arduino.ar(SERCOM.cpp.o)
 .debug_aranges
                0x00000a28       0x88 arduino.ar(Uart.cpp.o)
 .debug_aranges
                0x00000ab0       0x40 arduino.ar(cortex_handlers.c.o)
 .debug_aranges
                0x00000af0       0x38 arduino.ar(delay.c.o)
 .debug_aranges
                0x00000b28       0x30 arduino.ar(hooks.c.o)
 .debug_aranges
                0x00000b58       0x28 arduino.ar(main.cpp.o)
 .debug_aranges
                0x00000b80       0x20 arduino.ar(startup.c.o)
 .debug_aranges
                0x00000ba0       0x20 arduino.ar(wiring.c.o)
 .debug_aranges
                0x00000bc0       0x48 arduino.ar(wiring_analog.c.o)
 .debug_aranges
                0x00000c08       0x30 arduino.ar(wiring_digital.c.o)
 .debug_aranges
                0x00000c38       0x20 arduino.ar(wiring_private.c.o)
 .debug_aranges
                0x00000c58       0x50 arduino.ar(PluggableUSB.cpp.o)

.debug_ranges   0x00000000     0x1d28
 .debug_ranges  0x00000000       0x30 ./.ino.cpp.o
 .debug_ranges  0x00000030       0x78 ./flash.cpp.o
 .debug_ranges  0x000000a8      0x100 ./libraries/Wire/Wire.cpp.o
 .debug_ranges  0x000001a8      0x108 ./libraries/SPI/SPI.cpp.o
 .debug_ranges  0x000002b0      0x198 ./libraries/SD/src/utility/Sd2Card.cpp.o
 .debug_ranges  0x00000448      0x550 ./libraries/SD/src/utility/SdFile.cpp.o
 .debug_ranges  0x00000998      0x170 ./libraries/SD/src/utility/SdVolume.cpp.o
 .debug_ranges  0x00000b08      0x368 ./libraries/SD/src/SD.cpp.o
 .debug_ranges  0x00000e70       0x18 arduino.ar(variant.cpp.o)
 .debug_ranges  0x00000e88      0x118 arduino.ar(CDC.cpp.o)
 .debug_ranges  0x00000fa0      0x548 arduino.ar(USBCore.cpp.o)
 .debug_ranges  0x000014e8      0x290 arduino.ar(Print.cpp.o)
 .debug_ranges  0x00001778       0x20 arduino.ar(Reset.cpp.o)
 .debug_ranges  0x00001798       0x78 arduino.ar(RingBuffer.cpp.o)
 .debug_ranges  0x00001810      0x288 arduino.ar(SERCOM.cpp.o)
 .debug_ranges  0x00001a98       0x78 arduino.ar(Uart.cpp.o)
 .debug_ranges  0x00001b10       0x30 arduino.ar(cortex_handlers.c.o)
 .debug_ranges  0x00001b40       0x28 arduino.ar(delay.c.o)
 .debug_ranges  0x00001b68       0x20 arduino.ar(hooks.c.o)
 .debug_ranges  0x00001b88       0x18 arduino.ar(main.cpp.o)
 .debug_ranges  0x00001ba0       0x10 arduino.ar(startup.c.o)
 .debug_ranges  0x00001bb0       0x28 arduino.ar(wiring.c.o)
 .debug_ranges  0x00001bd8       0x38 arduino.ar(wiring_analog.c.o)
 .debug_ranges  0x00001c10       0x20 arduino.ar(wiring_digital.c.o)
 .debug_ranges  0x00001c30       0x28 arduino.ar(wiring_private.c.o)
 .debug_ranges  0x00001c58       0xd0 arduino.ar(PluggableUSB.cpp.o)

.debug_line     0x00000000     0x80b0
 .debug_line    0x00000000      0x3b3 ./.ino.cpp.o
 .debug_line    0x000003b3      0x567 ./flash.cpp.o
 .debug_line    0x0000091a      0x64f ./libraries/Wire/Wire.cpp.o
 .debug_line    0x00000f69      0x5cc ./libraries/SPI/SPI.cpp.o
 .debug_line    0x00001535      0x85b ./libraries/SD/src/utility/Sd2Card.cpp.o
 .debug_line    0x00001d90      0xbfa ./libraries/SD/src/utility/SdFile.cpp.o
 .debug_line    0x0000298a      0x42c ./libraries/SD/src/utility/SdVolume.cpp.o
 .debug_line    0x00002db6      0x78b ./libraries/SD/src/SD.cpp.o
 .debug_line    0x00003541      0x2b4 arduino.ar(variant.cpp.o)
 .debug_line    0x000037f5      0x5fb arduino.ar(CDC.cpp.o)
 .debug_line    0x00003df0      0xb3b arduino.ar(USBCore.cpp.o)
 .debug_line    0x0000492b      0x60c arduino.ar(Print.cpp.o)
 .debug_line    0x00004f37      0x33d arduino.ar(Reset.cpp.o)
 .debug_line    0x00005274      0x23a arduino.ar(RingBuffer.cpp.o)
 .debug_line    0x000054ae      0x902 arduino.ar(SERCOM.cpp.o)
 .debug_line    0x00005db0      0x501 arduino.ar(Uart.cpp.o)
 .debug_line    0x000062b1      0x2e5 arduino.ar(cortex_handlers.c.o)
 .debug_line    0x00006596      0x301 arduino.ar(delay.c.o)
 .debug_line    0x00006897       0xad arduino.ar(hooks.c.o)
 .debug_line    0x00006944      0x2a7 arduino.ar(main.cpp.o)
 .debug_line    0x00006beb      0x38c arduino.ar(startup.c.o)
 .debug_line    0x00006f77      0x3c7 arduino.ar(wiring.c.o)
 .debug_line    0x0000733e      0x49b arduino.ar(wiring_analog.c.o)
 .debug_line    0x000077d9      0x323 arduino.ar(wiring_digital.c.o)
 .debug_line    0x00007afc      0x32f arduino.ar(wiring_private.c.o)
 .debug_line    0x00007e2b      0x285 arduino.ar(PluggableUSB.cpp.o)

.debug_str      0x00000000     0xb698
 .debug_str     0x00000000      0x3b4 ./.ino.cpp.o
                                0x427 (size before relaxing)
 .debug_str     0x000003b4     0x1a20 ./flash.cpp.o
                               0x2314 (size before relaxing)
 .debug_str     0x00001dd4     0x165c ./libraries/Wire/Wire.cpp.o
                               0x3450 (size before relaxing)
 .debug_str     0x00003430      0x553 ./libraries/SPI/SPI.cpp.o
                               0x2c93 (size before relaxing)
 .debug_str     0x00003983      0xbb1 ./libraries/SD/src/utility/Sd2Card.cpp.o
                               0x2cfe (size before relaxing)
 .debug_str     0x00004534     0x175e ./libraries/SD/src/utility/SdFile.cpp.o
                               0x25dd (size before relaxing)
 .debug_str     0x00005c92      0x127 ./libraries/SD/src/utility/SdVolume.cpp.o
                               0x1a5a (size before relaxing)
 .debug_str     0x00005db9      0x508 ./libraries/SD/src/SD.cpp.o
                               0x2a49 (size before relaxing)
 .debug_str     0x000062c1      0x8fd arduino.ar(variant.cpp.o)
                               0x2e71 (size before relaxing)
 .debug_str     0x00006bbe     0x10a1 arduino.ar(CDC.cpp.o)
                               0x26ea (size before relaxing)
 .debug_str     0x00007c5f     0x202b arduino.ar(USBCore.cpp.o)
                               0x37f0 (size before relaxing)
 .debug_str     0x00009c8a      0x310 arduino.ar(Print.cpp.o)
                                0xf36 (size before relaxing)
 .debug_str     0x00009f9a      0x1c5 arduino.ar(Reset.cpp.o)
                                0x592 (size before relaxing)
 .debug_str     0x0000a15f       0x79 arduino.ar(RingBuffer.cpp.o)
                                0x380 (size before relaxing)
 .debug_str     0x0000a1d8      0x1a8 arduino.ar(SERCOM.cpp.o)
                               0x21ba (size before relaxing)
 .debug_str     0x0000a380      0x1df arduino.ar(Uart.cpp.o)
                               0x3236 (size before relaxing)
 .debug_str     0x0000a55f      0x4b1 arduino.ar(cortex_handlers.c.o)
                                0x606 (size before relaxing)
 .debug_str     0x0000aa10       0xa3 arduino.ar(delay.c.o)
                                0x2e8 (size before relaxing)
 .debug_str     0x0000aab3       0x75 arduino.ar(hooks.c.o)
                                0x134 (size before relaxing)
 .debug_str     0x0000ab28       0x9f arduino.ar(main.cpp.o)
                                0x911 (size before relaxing)
 .debug_str     0x0000abc7      0x670 arduino.ar(startup.c.o)
                                0xd7a (size before relaxing)
 .debug_str     0x0000b237      0x1a2 arduino.ar(wiring.c.o)
                                0xbf2 (size before relaxing)
 .debug_str     0x0000b3d9      0x133 arduino.ar(wiring_analog.c.o)
                               0x15c3 (size before relaxing)
 .debug_str     0x0000b50c       0x79 arduino.ar(wiring_digital.c.o)
                                0x95e (size before relaxing)
 .debug_str     0x0000b585       0x79 arduino.ar(wiring_private.c.o)
                                0x990 (size before relaxing)
 .debug_str     0x0000b5fe       0x9a arduino.ar(PluggableUSB.cpp.o)
                                0x5c5 (size before relaxing)

.debug_frame    0x00000000     0x2354
 .debug_frame   0x00000000       0x40 ./.ino.cpp.o
 .debug_frame   0x00000040      0x180 ./flash.cpp.o
 .debug_frame   0x000001c0      0x228 ./libraries/Wire/Wire.cpp.o
 .debug_frame   0x000003e8      0x180 ./libraries/SPI/SPI.cpp.o
 .debug_frame   0x00000568      0x284 ./libraries/SD/src/utility/Sd2Card.cpp.o
 .debug_frame   0x000007ec      0x3d4 ./libraries/SD/src/utility/SdFile.cpp.o
 .debug_frame   0x00000bc0      0x124 ./libraries/SD/src/utility/SdVolume.cpp.o
 .debug_frame   0x00000ce4      0x1e4 ./libraries/SD/src/SD.cpp.o
 .debug_frame   0x00000ec8       0x44 arduino.ar(variant.cpp.o)
 .debug_frame   0x00000f0c      0x16c arduino.ar(CDC.cpp.o)
 .debug_frame   0x00001078      0x388 arduino.ar(USBCore.cpp.o)
 .debug_frame   0x00001400      0x2f8 arduino.ar(Print.cpp.o)
 .debug_frame   0x000016f8       0x40 arduino.ar(Reset.cpp.o)
 .debug_frame   0x00001738       0xa0 arduino.ar(RingBuffer.cpp.o)
 .debug_frame   0x000017d8      0x438 arduino.ar(SERCOM.cpp.o)
 .debug_frame   0x00001c10      0x154 arduino.ar(Uart.cpp.o)
 .debug_frame   0x00001d64       0x7c arduino.ar(cortex_handlers.c.o)
 .debug_frame   0x00001de0       0x78 arduino.ar(delay.c.o)
 .debug_frame   0x00001e58       0x40 arduino.ar(hooks.c.o)
 .debug_frame   0x00001e98       0x38 arduino.ar(main.cpp.o)
 .debug_frame   0x00001ed0       0x2c arduino.ar(startup.c.o)
 .debug_frame   0x00001efc       0x28 arduino.ar(wiring.c.o)
 .debug_frame   0x00001f24       0x90 arduino.ar(wiring_analog.c.o)
 .debug_frame   0x00001fb4       0x54 arduino.ar(wiring_digital.c.o)
 .debug_frame   0x00002008       0x30 arduino.ar(wiring_private.c.o)
 .debug_frame   0x00002038       0xc4 arduino.ar(PluggableUSB.cpp.o)
 .debug_frame   0x000020fc       0x20 c:/eclipsearduino32/arduinoplugin/tools/arduino/arm-none-eabi-gcc/4.8.3-2014q1/bin/../lib/gcc/arm-none-eabi/4.8.3/armv6-m\libgcc.a(_udivsi3.o)
 .debug_frame   0x0000211c       0x28 c:/eclipsearduino32/arduinoplugin/tools/arduino/arm-none-eabi-gcc/4.8.3-2014q1/bin/../lib/gcc/arm-none-eabi/4.8.3/armv6-m\libgcc.a(_fixunssfsi.o)
 .debug_frame   0x00002144       0x3c c:/eclipsearduino32/arduinoplugin/tools/arduino/arm-none-eabi-gcc/4.8.3-2014q1/bin/../lib/gcc/arm-none-eabi/4.8.3/armv6-m\libgcc.a(divsf3.o)
 .debug_frame   0x00002180       0x3c c:/eclipsearduino32/arduinoplugin/tools/arduino/arm-none-eabi-gcc/4.8.3-2014q1/bin/../lib/gcc/arm-none-eabi/4.8.3/armv6-m\libgcc.a(mulsf3.o)
 .debug_frame   0x000021bc       0x30 c:/eclipsearduino32/arduinoplugin/tools/arduino/arm-none-eabi-gcc/4.8.3-2014q1/bin/../lib/gcc/arm-none-eabi/4.8.3/armv6-m\libgcc.a(subsf3.o)
 .debug_frame   0x000021ec       0x20 c:/eclipsearduino32/arduinoplugin/tools/arduino/arm-none-eabi-gcc/4.8.3-2014q1/bin/../lib/gcc/arm-none-eabi/4.8.3/armv6-m\libgcc.a(fixsfsi.o)
 .debug_frame   0x0000220c       0x28 c:/eclipsearduino32/arduinoplugin/tools/arduino/arm-none-eabi-gcc/4.8.3-2014q1/bin/../lib/gcc/arm-none-eabi/4.8.3/armv6-m\libgcc.a(floatunsisf.o)
 .debug_frame   0x00002234       0x2c c:/eclipsearduino32/arduinoplugin/tools/arduino/arm-none-eabi-gcc/4.8.3-2014q1/bin/../lib/gcc/arm-none-eabi/4.8.3/armv6-m\libgcc.a(eqsf2.o)
 .debug_frame   0x00002260       0x30 c:/eclipsearduino32/arduinoplugin/tools/arduino/arm-none-eabi-gcc/4.8.3-2014q1/bin/../lib/gcc/arm-none-eabi/4.8.3/armv6-m\libgcc.a(gesf2.o)
 .debug_frame   0x00002290       0x30 c:/eclipsearduino32/arduinoplugin/tools/arduino/arm-none-eabi-gcc/4.8.3-2014q1/bin/../lib/gcc/arm-none-eabi/4.8.3/armv6-m\libgcc.a(lesf2.o)
 .debug_frame   0x000022c0       0x2c c:/eclipsearduino32/arduinoplugin/tools/arduino/arm-none-eabi-gcc/4.8.3-2014q1/bin/../lib/gcc/arm-none-eabi/4.8.3/../../../../arm-none-eabi/lib/armv6-m\libc_s.a(lib_a-init.o)
 .debug_frame   0x000022ec       0x28 c:/eclipsearduino32/arduinoplugin/tools/arduino/arm-none-eabi-gcc/4.8.3-2014q1/bin/../lib/gcc/arm-none-eabi/4.8.3/../../../../arm-none-eabi/lib/armv6-m\libc_s.a(lib_a-memcpy-stub.o)
 .debug_frame   0x00002314       0x20 c:/eclipsearduino32/arduinoplugin/tools/arduino/arm-none-eabi-gcc/4.8.3-2014q1/bin/../lib/gcc/arm-none-eabi/4.8.3/../../../../arm-none-eabi/lib/armv6-m\libc_s.a(lib_a-memset.o)
 .debug_frame   0x00002334       0x20 c:/eclipsearduino32/arduinoplugin/tools/arduino/arm-none-eabi-gcc/4.8.3-2014q1/bin/../lib/gcc/arm-none-eabi/4.8.3/../../../../arm-none-eabi/lib/armv6-m\libc_s.a(lib_a-strlen.o)

.stabstr        0x00000000      0x1b9
 .stabstr       0x00000000      0x1b9 c:/eclipsearduino32/arduinoplugin/tools/arduino/arm-none-eabi-gcc/4.8.3-2014q1/bin/../lib/gcc/arm-none-eabi/4.8.3/../../../../arm-none-eabi/lib/armv6-m\libnosys.a(close.o)

Cross Reference Table

Symbol                                            File
AC_Handler                                        arduino.ar(cortex_handlers.c.o)
ADC_Handler                                       arduino.ar(cortex_handlers.c.o)
CDC_GetInterface(unsigned char*)                  arduino.ar(CDC.cpp.o)
                                                  arduino.ar(USBCore.cpp.o)
CDC_Setup(USBSetup&)                              arduino.ar(CDC.cpp.o)
                                                  arduino.ar(USBCore.cpp.o)
DAC_Handler                                       arduino.ar(cortex_handlers.c.o)
DMAC_Handler                                      arduino.ar(cortex_handlers.c.o)
Dummy_Handler                                     arduino.ar(cortex_handlers.c.o)
EIC_Handler                                       arduino.ar(cortex_handlers.c.o)
EVSYS_Handler                                     arduino.ar(cortex_handlers.c.o)
EndPoints                                         arduino.ar(USBCore.cpp.o)
                                                  arduino.ar(PluggableUSB.cpp.o)
HardFault_Handler                                 arduino.ar(cortex_handlers.c.o)
I2S_Handler                                       arduino.ar(cortex_handlers.c.o)
NMI_Handler                                       arduino.ar(cortex_handlers.c.o)
NVMCTRL_Handler                                   arduino.ar(cortex_handlers.c.o)
PM_Handler                                        arduino.ar(cortex_handlers.c.o)
PTC_Handler                                       arduino.ar(cortex_handlers.c.o)
PendSV_Handler                                    arduino.ar(cortex_handlers.c.o)
PluggableUSB()                                    arduino.ar(PluggableUSB.cpp.o)
                                                  arduino.ar(USBCore.cpp.o)
PluggableUSB_::PluggableUSB_()                    arduino.ar(PluggableUSB.cpp.o)
PluggableUSB_::PluggableUSB_()                    arduino.ar(PluggableUSB.cpp.o)
PluggableUSB_::getDescriptor(USBSetup&)           arduino.ar(PluggableUSB.cpp.o)
                                                  arduino.ar(USBCore.cpp.o)
PluggableUSB_::getInterface(unsigned char*)       arduino.ar(PluggableUSB.cpp.o)
                                                  arduino.ar(USBCore.cpp.o)
PluggableUSB_::getShortName(char*)                arduino.ar(PluggableUSB.cpp.o)
                                                  arduino.ar(USBCore.cpp.o)
PluggableUSB_::plug(PluggableUSBModule*)          arduino.ar(PluggableUSB.cpp.o)
PluggableUSB_::setup(USBSetup&)                   arduino.ar(PluggableUSB.cpp.o)
                                                  arduino.ar(USBCore.cpp.o)
Print::print(Printable const&)                    arduino.ar(Print.cpp.o)
Print::print(String const&)                       arduino.ar(Print.cpp.o)
Print::print(__FlashStringHelper const*)          arduino.ar(Print.cpp.o)
Print::print(char const*)                         arduino.ar(Print.cpp.o)
                                                  ./libraries/SD/src/utility/SdFile.cpp.o
                                                  ./.ino.cpp.o
Print::print(char)                                arduino.ar(Print.cpp.o)
                                                  ./libraries/SD/src/utility/SdFile.cpp.o
                                                  ./.ino.cpp.o
Print::print(double, int)                         arduino.ar(Print.cpp.o)
Print::print(int, int)                            arduino.ar(Print.cpp.o)
                                                  ./libraries/SD/src/utility/SdFile.cpp.o
                                                  ./.ino.cpp.o
Print::print(long, int)                           arduino.ar(Print.cpp.o)
Print::print(unsigned char, int)                  arduino.ar(Print.cpp.o)
                                                  ./.ino.cpp.o
Print::print(unsigned int, int)                   arduino.ar(Print.cpp.o)
Print::print(unsigned long, int)                  arduino.ar(Print.cpp.o)
                                                  ./libraries/SD/src/utility/SdFile.cpp.o
                                                  ./.ino.cpp.o
Print::printFloat(double, unsigned char)          arduino.ar(Print.cpp.o)
Print::printNumber(unsigned long, unsigned char)  arduino.ar(Print.cpp.o)
Print::println()                                  arduino.ar(Print.cpp.o)
                                                  ./libraries/SD/src/utility/SdFile.cpp.o
                                                  ./.ino.cpp.o
Print::println(Printable const&)                  arduino.ar(Print.cpp.o)
Print::println(String const&)                     arduino.ar(Print.cpp.o)
Print::println(__FlashStringHelper const*)        arduino.ar(Print.cpp.o)
Print::println(char const*)                       arduino.ar(Print.cpp.o)
                                                  ./.ino.cpp.o
Print::println(char)                              arduino.ar(Print.cpp.o)
Print::println(double, int)                       arduino.ar(Print.cpp.o)
Print::println(int, int)                          arduino.ar(Print.cpp.o)
Print::println(long, int)                         arduino.ar(Print.cpp.o)
Print::println(unsigned char, int)                arduino.ar(Print.cpp.o)
                                                  ./.ino.cpp.o
Print::println(unsigned int, int)                 arduino.ar(Print.cpp.o)
Print::println(unsigned long, int)                arduino.ar(Print.cpp.o)
Print::write(char const*)                         arduino.ar(Print.cpp.o)
Print::write(unsigned char const*, unsigned int)  arduino.ar(Print.cpp.o)
                                                  arduino.ar(Uart.cpp.o)
                                                  ./libraries/SD/src/File.cpp.o
                                                  ./libraries/SD/src/utility/SdFile.cpp.o
                                                  ./libraries/Wire/Wire.cpp.o
RTC_Handler                                       arduino.ar(cortex_handlers.c.o)
Reset_Handler                                     arduino.ar(cortex_handlers.c.o)
RingBuffer::RingBuffer()                          arduino.ar(RingBuffer.cpp.o)
                                                  arduino.ar(Uart.cpp.o)
                                                  ./libraries/Wire/Wire.cpp.o
RingBuffer::RingBuffer()                          arduino.ar(RingBuffer.cpp.o)
RingBuffer::available()                           arduino.ar(RingBuffer.cpp.o)
                                                  arduino.ar(Uart.cpp.o)
                                                  ./libraries/Wire/Wire.cpp.o
RingBuffer::clear()                               arduino.ar(RingBuffer.cpp.o)
                                                  arduino.ar(Uart.cpp.o)
                                                  ./libraries/Wire/Wire.cpp.o
RingBuffer::isFull()                              arduino.ar(RingBuffer.cpp.o)
                                                  ./libraries/Wire/Wire.cpp.o
RingBuffer::nextIndex(int)                        arduino.ar(RingBuffer.cpp.o)
RingBuffer::peek()                                arduino.ar(RingBuffer.cpp.o)
                                                  arduino.ar(Uart.cpp.o)
                                                  ./libraries/Wire/Wire.cpp.o
RingBuffer::read_char()                           arduino.ar(RingBuffer.cpp.o)
                                                  arduino.ar(Uart.cpp.o)
                                                  ./libraries/Wire/Wire.cpp.o
RingBuffer::store_char(unsigned char)             arduino.ar(RingBuffer.cpp.o)
                                                  arduino.ar(Uart.cpp.o)
                                                  ./libraries/Wire/Wire.cpp.o
SDLib::File::File()                               ./libraries/SD/src/File.cpp.o
SDLib::File::File()                               ./libraries/SD/src/File.cpp.o
                                                  ./libraries/SD/src/SD.cpp.o
SDLib::File::File(SdFile, char const*)            ./libraries/SD/src/File.cpp.o
SDLib::File::File(SdFile, char const*)            ./libraries/SD/src/File.cpp.o
                                                  ./libraries/SD/src/SD.cpp.o
SDLib::File::available()                          ./libraries/SD/src/File.cpp.o
SDLib::File::close()                              ./libraries/SD/src/File.cpp.o
SDLib::File::flush()                              ./libraries/SD/src/File.cpp.o
SDLib::File::isDirectory()                        ./libraries/SD/src/File.cpp.o
                                                  ./libraries/SD/src/SD.cpp.o
SDLib::File::name()                               ./libraries/SD/src/File.cpp.o
SDLib::File::openNextFile(unsigned char)          ./libraries/SD/src/SD.cpp.o
SDLib::File::operator bool()                      ./libraries/SD/src/File.cpp.o
SDLib::File::peek()                               ./libraries/SD/src/File.cpp.o
SDLib::File::position()                           ./libraries/SD/src/File.cpp.o
SDLib::File::read()                               ./libraries/SD/src/File.cpp.o
SDLib::File::read(void*, unsigned short)          ./libraries/SD/src/File.cpp.o
SDLib::File::rewindDirectory()                    ./libraries/SD/src/SD.cpp.o
SDLib::File::seek(unsigned long)                  ./libraries/SD/src/File.cpp.o
SDLib::File::size()                               ./libraries/SD/src/File.cpp.o
SDLib::File::write(unsigned char const*, unsigned int) ./libraries/SD/src/File.cpp.o
SDLib::File::write(unsigned char)                 ./libraries/SD/src/File.cpp.o
SDLib::SD                                         ./libraries/SD/src/SD.cpp.o
SDLib::SDClass::begin(unsigned char)              ./libraries/SD/src/SD.cpp.o
SDLib::SDClass::exists(char const*)               ./libraries/SD/src/SD.cpp.o
SDLib::SDClass::getParentDir(char const*, int*)   ./libraries/SD/src/SD.cpp.o
SDLib::SDClass::mkdir(char const*)                ./libraries/SD/src/SD.cpp.o
SDLib::SDClass::open(char const*, unsigned char)  ./libraries/SD/src/SD.cpp.o
SDLib::SDClass::remove(char const*)               ./libraries/SD/src/SD.cpp.o
SDLib::SDClass::rmdir(char const*)                ./libraries/SD/src/SD.cpp.o
SDLib::callback_makeDirPath(SdFile&, char const*, bool, void*) ./libraries/SD/src/SD.cpp.o
SDLib::callback_pathExists(SdFile&, char const*, bool, void*) ./libraries/SD/src/SD.cpp.o
SDLib::callback_remove(SdFile&, char const*, bool, void*) ./libraries/SD/src/SD.cpp.o
SDLib::callback_rmdir(SdFile&, char const*, bool, void*) ./libraries/SD/src/SD.cpp.o
SDLib::getNextPathComponent(char const*, unsigned int*, char*) ./libraries/SD/src/SD.cpp.o
SDLib::walkPath(char const*, SdFile&, bool (*)(SdFile&, char const*, bool, void*), void*) ./libraries/SD/src/SD.cpp.o
SERCOM0_Handler                                   arduino.ar(variant.cpp.o)
SERCOM1_Handler                                   arduino.ar(cortex_handlers.c.o)
SERCOM2_Handler                                   arduino.ar(cortex_handlers.c.o)
SERCOM3_Handler                                   ./libraries/Wire/Wire.cpp.o
SERCOM4_Handler                                   arduino.ar(cortex_handlers.c.o)
SERCOM5_Handler                                   arduino.ar(cortex_handlers.c.o)
SERCOM::SERCOM(Sercom*)                           arduino.ar(SERCOM.cpp.o)
                                                  arduino.ar(variant.cpp.o)
SERCOM::SERCOM(Sercom*)                           arduino.ar(SERCOM.cpp.o)
SERCOM::acknowledgeUARTError()                    arduino.ar(SERCOM.cpp.o)
                                                  arduino.ar(Uart.cpp.o)
SERCOM::availableDataUART()                       arduino.ar(SERCOM.cpp.o)
                                                  arduino.ar(Uart.cpp.o)
SERCOM::availableWIRE()                           arduino.ar(SERCOM.cpp.o)
SERCOM::calculateBaudrateSynchronous(unsigned long) arduino.ar(SERCOM.cpp.o)
SERCOM::clearStatusUART()                         arduino.ar(SERCOM.cpp.o)
                                                  arduino.ar(Uart.cpp.o)
SERCOM::disableSPI()                              arduino.ar(SERCOM.cpp.o)
                                                  ./libraries/SPI/SPI.cpp.o
SERCOM::disableWIRE()                             arduino.ar(SERCOM.cpp.o)
                                                  ./libraries/Wire/Wire.cpp.o
SERCOM::enableSPI()                               arduino.ar(SERCOM.cpp.o)
                                                  ./libraries/SPI/SPI.cpp.o
SERCOM::enableUART()                              arduino.ar(SERCOM.cpp.o)
                                                  arduino.ar(Uart.cpp.o)
SERCOM::enableWIRE()                              arduino.ar(SERCOM.cpp.o)
                                                  ./libraries/Wire/Wire.cpp.o
SERCOM::flushUART()                               arduino.ar(SERCOM.cpp.o)